******************************************************************************
                  TI ARM Linker PC v16.9.6                     
******************************************************************************
>> Linked Wed Apr 25 11:55:17 2018

OUTPUT FILE NAME:   <adcbufcontinuous_CC2640R2_LAUNCHXL_tirtos_ccs.out>
ENTRY POINT SYMBOL: "ResetISR"  address: 00004ee1


MEMORY CONFIGURATION

         name            origin    length      used     unused   attr    fill
----------------------  --------  ---------  --------  --------  ----  --------
  FLASH                 00000000   00020000  00006880  00019780  R  X
  SRAM                  20000000   00005000  0000284a  000027b6  RW X


SEGMENT ALLOCATION MAP

run origin  load origin   length   init length attrs members
----------  ----------- ---------- ----------- ----- -------
00000000    00000000    0000682c   0000682c    r-x
  00000000    00000000    0000003c   0000003c    r-- .resetVecs
  0000003c    0000003c    00000fc4   00000fc4    r-x .text.1
  00001000    00001000    00000028   00000028    r-- .const:ti_sysbios_heaps_HeapMem_Module__FXNS__C
  00001028    00001028    00000024   00000024    r-- .const:ti_sysbios_gates_GateHwi_Module__FXNS__C
  0000104c    0000104c    00000024   00000024    r-- .const:ti_sysbios_gates_GateMutex_Module__FXNS__C
  00001070    00001070    00000020   00000020    r-- .const:ti_sysbios_family_arm_m3_Hwi_Object__DESC__C
  00001090    00001090    00000020   00000020    r-- .const:ti_sysbios_gates_GateHwi_Object__DESC__C
  000010b0    000010b0    00000020   00000020    r-- .const:ti_sysbios_gates_GateMutex_Object__DESC__C
  000010d0    000010d0    00000020   00000020    r-- .const:ti_sysbios_hal_Hwi_Object__DESC__C
  000010f0    000010f0    00000020   00000020    r-- .const:ti_sysbios_heaps_HeapMem_Object__DESC__C
  00001110    00001110    00000020   00000020    r-- .const:ti_sysbios_knl_Clock_Object__DESC__C
  00001130    00001130    00000020   00000020    r-- .const:ti_sysbios_knl_Event_Object__DESC__C
  00001150    00001150    00000020   00000020    r-- .const:ti_sysbios_knl_Mailbox_Object__DESC__C
  00001170    00001170    00000020   00000020    r-- .const:ti_sysbios_knl_Queue_Object__DESC__C
  00001190    00001190    00000020   00000020    r-- .const:ti_sysbios_knl_Semaphore_Object__DESC__C
  000011b0    000011b0    00000020   00000020    r-- .const:ti_sysbios_knl_Swi_Object__DESC__C
  000011d0    000011d0    00000020   00000020    r-- .const:ti_sysbios_knl_Task_Object__DESC__C
  000011f0    000011f0    00000008   00000008    r-- .const:ti_sysbios_knl_Idle_funcList__C
  000011f8    000011f8    00000004   00000004    r-- .const:ti_sysbios_family_arm_cc26xx_Timer_startupNeeded__C
  000011fc    000011fc    00000004   00000004    r-- .const:ti_sysbios_family_arm_m3_Hwi_E_alreadyDefined__C
  00001200    00001200    00000004   00000004    r-- .const:ti_sysbios_family_arm_m3_Hwi_E_hwiLimitExceeded__C
  00001204    00001204    00000004   00000004    r-- .const:ti_sysbios_family_arm_m3_Hwi_NUM_INTERRUPTS__C
  00001208    00001208    00000004   00000004    r-- .const:ti_sysbios_family_arm_m3_Hwi_Object__count__C
  0000120c    0000120c    00000004   00000004    r-- .const:ti_sysbios_family_arm_m3_Hwi_Object__table__C
  00001210    00001210    00000004   00000004    r-- .const:ti_sysbios_family_arm_m3_Hwi_ccr__C
  00001214    00001214    00000004   00000004    r-- .const:ti_sysbios_family_arm_m3_Hwi_excHandlerFunc__C
  00001218    00001218    00000004   00000004    r-- .const:ti_sysbios_family_arm_m3_Hwi_nullIsrFunc__C
  0000121c    0000121c    00000004   00000004    r-- .const:ti_sysbios_family_arm_m3_Hwi_numSparseInterrupts__C
  00001220    00001220    00000004   00000004    r-- .const:ti_sysbios_family_arm_m3_Hwi_priGroup__C
  00001224    00001224    00000004   00000004    r-- .const:ti_sysbios_family_arm_m3_TaskSupport_stackAlignment__C
  00001228    00001228    00000004   00000004    r-- .const:ti_sysbios_heaps_HeapMem_E_memory__C
  0000122c    0000122c    00000004   00000004    r-- .const:ti_sysbios_heaps_HeapMem_Module__gateObj__C
  00001230    00001230    00000004   00000004    r-- .const:ti_sysbios_heaps_HeapMem_Object__count__C
  00001234    00001234    00000004   00000004    r-- .const:ti_sysbios_heaps_HeapMem_Object__table__C
  00001238    00001238    00000004   00000004    r-- .const:ti_sysbios_heaps_HeapMem_reqAlign__C
  0000123c    0000123c    00000004   00000004    r-- .const:ti_sysbios_knl_Clock_triggerClock__C
  00001240    00001240    00000004   00000004    r-- .const:ti_sysbios_knl_Mailbox_Object__count__C
  00001244    00001244    00000004   00000004    r-- .const:ti_sysbios_knl_Mailbox_Object__table__C
  00001248    00001248    00000004   00000004    r-- .const:ti_sysbios_knl_Mailbox_maxTypeAlign__C
  0000124c    0000124c    00000004   00000004    r-- .const:ti_sysbios_knl_Queue_Object__count__C
  00001250    00001250    00000004   00000004    r-- .const:ti_sysbios_knl_Queue_Object__table__C
  00001254    00001254    00000004   00000004    r-- .const:ti_sysbios_knl_Semaphore_eventPost__C
  00001258    00001258    00000004   00000004    r-- .const:ti_sysbios_knl_Semaphore_eventSync__C
  0000125c    0000125c    00000004   00000004    r-- .const:ti_sysbios_knl_Swi_Object__count__C
  00001260    00001260    00000004   00000004    r-- .const:ti_sysbios_knl_Swi_Object__table__C
  00001264    00001264    00000004   00000004    r-- .const:ti_sysbios_knl_Swi_numPriorities__C
  00001268    00001268    00000004   00000004    r-- .const:ti_sysbios_knl_Task_Object__count__C
  0000126c    0000126c    00000004   00000004    r-- .const:ti_sysbios_knl_Task_Object__table__C
  00001270    00001270    00000004   00000004    r-- .const:ti_sysbios_knl_Task_allBlockedFunc__C
  00001274    00001274    00000004   00000004    r-- .const:ti_sysbios_knl_Task_defaultStackHeap__C
  00001278    00001278    00000004   00000004    r-- .const:ti_sysbios_knl_Task_defaultStackSize__C
  0000127c    0000127c    00000004   00000004    r-- .const:ti_sysbios_knl_Task_numConstructedTasks__C
  00001280    00001280    00000002   00000002    r-- .const:ti_sysbios_family_arm_cc26xx_Timer_Module__id__C
  00001282    00001282    00000002   00000002    r-- .const:ti_sysbios_family_arm_cc26xx_TimestampProvider_useClockTimer__C
  00001284    00001284    00000002   00000002    r-- .const:ti_sysbios_family_arm_m3_Hwi_Module__id__C
  00001286    00001286    00000002   00000002    r-- .const:ti_sysbios_gates_GateHwi_Module__id__C
  00001288    00001288    00000002   00000002    r-- .const:ti_sysbios_gates_GateMutex_Module__id__C
  0000128a    0000128a    00000002   00000002    r-- .const:ti_sysbios_heaps_HeapMem_Module__id__C
  0000128c    0000128c    00000002   00000002    r-- .const:ti_sysbios_knl_Task_initStackFlag__C
  0000128e    0000128e    00000001   00000001    r-- .const:ti_sysbios_knl_Clock_tickMode__C
  00001290    00001290    00000008   00000008    r-- .const:xdc_runtime_Startup_firstFxns__C
  00001298    00001298    00000008   00000008    r-- .const:xdc_runtime_Startup_lastFxns__C
  000012a0    000012a0    00000004   00000004    r-- .const:xdc_runtime_Assert_E_assertFailed__C
  000012a4    000012a4    00000004   00000004    r-- .const:xdc_runtime_Error_E_memory__C
  000012a8    000012a8    00000004   00000004    r-- .const:xdc_runtime_Error_policyFxn__C
  000012ac    000012ac    00000004   00000004    r-- .const:xdc_runtime_Error_raiseHook__C
  000012b0    000012b0    00000004   00000004    r-- .const:xdc_runtime_IGateProvider_Interface__BASE__C
  000012b4    000012b4    00000004   00000004    r-- .const:xdc_runtime_IHeap_Interface__BASE__C
  000012b8    000012b8    00000004   00000004    r-- .const:xdc_runtime_IModule_Interface__BASE__C
  000012bc    000012bc    00000004   00000004    r-- .const:xdc_runtime_Memory_defaultHeapInstance__C
  000012c0    000012c0    00000004   00000004    r-- .const:xdc_runtime_Startup_execImpl__C
  000012c4    000012c4    00000004   00000004    r-- .const:xdc_runtime_Startup_maxPasses__C
  000012c8    000012c8    00000004   00000004    r-- .const:xdc_runtime_Startup_sfxnRts__C
  000012cc    000012cc    00000004   00000004    r-- .const:xdc_runtime_Startup_sfxnTab__C
  000012d0    000012d0    00000004   00000004    r-- .const:xdc_runtime_Startup_startModsFxn__C
  000012d4    000012d4    00000004   00000004    r-- .const:xdc_runtime_SysCallback_abortFxn__C
  000012d8    000012d8    00000004   00000004    r-- .const:xdc_runtime_SysCallback_exitFxn__C
  000012dc    000012dc    00000004   00000004    r-- .const:xdc_runtime_System_abortFxn__C
  000012e0    000012e0    00000004   00000004    r-- .const:xdc_runtime_System_exitFxn__C
  000012e4    000012e4    00000004   00000004    r-- .const:xdc_runtime_System_maxAtexitHandlers__C
  000012e8    000012e8    00000004   00000004    r-- .const:xdc_runtime_Text_charTab__C
  000012ec    000012ec    00000004   00000004    r-- .const:xdc_runtime_Text_nameEmpty__C
  000012f0    000012f0    00000004   00000004    r-- .const:xdc_runtime_Text_nameStatic__C
  000012f4    000012f4    00000004   00000004    r-- .const:xdc_runtime_Text_nameUnknown__C
  000012f8    000012f8    00000002   00000002    r-- .const:xdc_runtime_Error_maxDepth__C
  000012fa    000012fa    00000002   00000002    r-- .const:xdc_runtime_Memory_Module__id__C
  000012fc    000012fc    00000002   00000002    r-- .const:xdc_runtime_Text_charCnt__C
  000012fe    000012fe    00000002   00000002    r-- .const:xdc_runtime_Text_isLoaded__C
  00001300    00001300    00000001   00000001    r-- .const:xdc_runtime_Error_policy__C
  00001304    00001304    00000004   00000004    r-- .const:ti_sysbios_rom_ROM_ti_sysbios_family_arm_cc26xx_Timer_getCount64__E
  00001308    00001308    00000004   00000004    r-- .const:ti_sysbios_rom_ROM_ti_sysbios_family_arm_cc26xx_Timer_getCurrentTick__E
  0000130c    0000130c    00000004   00000004    r-- .const:ti_sysbios_rom_ROM_ti_sysbios_family_arm_cc26xx_Timer_getMaxTicks__E
  00001310    00001310    00000004   00000004    r-- .const:ti_sysbios_rom_ROM_ti_sysbios_family_arm_cc26xx_Timer_initDevice__I
  00001314    00001314    00000004   00000004    r-- .const:ti_sysbios_rom_ROM_ti_sysbios_family_arm_cc26xx_Timer_setNextTick__E
  00001318    00001318    00000004   00000004    r-- .const:ti_sysbios_rom_ROM_ti_sysbios_family_arm_cc26xx_Timer_setThreshold__I
  0000131c    0000131c    00000004   00000004    r-- .const:ti_sysbios_rom_ROM_ti_sysbios_family_arm_cc26xx_Timer_start__E
  00001320    00001320    00000004   00000004    r-- .const:ti_sysbios_rom_ROM_ti_sysbios_family_arm_cc26xx_TimestampProvider_get32__E
  00001324    00001324    00000004   00000004    r-- .const:ti_sysbios_rom_ROM_xdc_runtime_Startup_getState__I
  00001328    00001328    00000004   00000004    r-- .const:ti_sysbios_rom_ROM_xdc_runtime_System_SupportProxy_abort__E
  0000132c    0000132c    00000004   00000004    r-- .const:ti_sysbios_rom_ROM_xdc_runtime_System_SupportProxy_exit__E
  00001330    00001330    00004e00   00004e00    r-x .text.2
  00006130    00006130    00000470   00000470    r-- .const
  000065a0    000065a0    0000028c   0000028c    r-- .cinit
0001ffa8    0001ffa8    00000058   00000058    r--
  0001ffa8    0001ffa8    00000058   00000058    r-- .ccfg
20000100    20000100    00000106   00000000    rw-
  20000100    20000100    00000044   00000000    rw- .data:ti_sysbios_knl_Task_Module__state__V
  20000144    20000144    00000034   00000000    rw- .data:ti_sysbios_family_arm_m3_Hwi_Module__state__V
  20000178    20000178    0000002c   00000000    rw- .data:ti_sysbios_knl_Clock_Module__state__V
  200001a4    200001a4    00000024   00000000    rw- .data:ti_sysbios_BIOS_Module__state__V
  200001c8    200001c8    0000001c   00000000    rw- .data:ti_sysbios_knl_Swi_Module__state__V
  200001e4    200001e4    00000008   00000000    rw- .data:ti_sysbios_family_arm_cc26xx_Timer_Module__state__V
  200001ec    200001ec    00000004   00000000    rw- .data:ti_sysbios_family_arm_cc26xx_TimestampProvider_Module__state__V
  200001f0    200001f0    00000008   00000000    rw- .data:xdc_runtime_Startup_Module__state__V
  200001f8    200001f8    00000008   00000000    rw- .data:xdc_runtime_System_Module__state__V
  20000200    20000200    00000004   00000000    rw- .data:xdc_runtime_Memory_Module__state__V
  20000204    20000204    00000002   00000000    rw- .data:xdc_runtime_Error_Module__state__V
20000470    20000470    00000010   00000000    rw-
  20000470    20000470    00000010   00000000    rw- .TI.bound:dmaADCPriControlTableEntry
20000490    20000490    00000010   00000000    rw-
  20000490    20000490    00000010   00000000    rw- .TI.bound:dmaGPT0APriControlTableEntry
20000670    20000670    00000010   00000000    rw-
  20000670    20000670    00000010   00000000    rw- .TI.bound:dmaADCAltControlTableEntry
20000690    20000690    00000010   00000000    rw-
  20000690    20000690    00000010   00000000    rw- .TI.bound:dmaGPT0AAltControlTableEntry
200006a0    200006a0    00001000   00000000    r--
  200006a0    200006a0    00001000   00000000    r-- .priheap
200016a0    200016a0    00001241   00000000    rw-
  200016a0    200016a0    00000d4b   00000000    rw- .bss
  200023f0    200023f0    000004f1   00000000    rw- .data
20004c00    20004c00    00000400   00000000    rw-
  20004c00    20004c00    00000400   00000000    rw- .stack


SECTION ALLOCATION MAP

 output                                  attributes/
section   page    origin      length       input sections
--------  ----  ----------  ----------   ----------------
.resetVecs 
*          0    00000000    0000003c     
                  00000000    0000003c     release_pem3.oem3 (.resetVecs)

.binit     0    00000000    00000000     

.text.1    0    0000003c    00000fc4     
                  0000003c    00000314     drivers_cc26x0r2.aem3 : PowerCC26XX_calibrateRCOSC.oem3 (.text:PowerCC26XX_auxISR)
                  00000350    00000244                           : PowerCC26XX.oem3 (.text:Power_sleep)
                  00000594    00000008     (.tramp.ti_sysbios_knl_Swi_restore__E.1)
                  0000059c    0000020c     driverlib.lib : sys_ctrl.obj (.text:NOROM_SysCtrlSetRechargeBeforePowerDown)
                  000007a8    000001f4     rtsv7M3_T_le_eabi.lib : ull_div_t2.obj (.text)
                  0000099c    000001bc     drivers_cc26x0r2.aem3 : PINCC26XX.oem3 (.text:PIN_init)
                  00000b58    000001b6     rtsv7M3_T_le_eabi.lib : fd_add_t2.obj (.text)
                  00000d0e    00000002     drivers_cc26x0r2.aem3 : PowerCC26XX.oem3 (.text:emptyClockFunc)
                  00000d10    00000190                           : PowerCC26XX_calibrateRCOSC.oem3 (.text:PowerCC26XX_doCalibrate)
                  00000ea0    00000158                           : ADCBufCC26XX.oem3 (.text:ADCBufCC26XX_convert)
                  00000ff8    00000008     (.tramp.ti_sysbios_family_arm_m3_Hwi_restoreFxn__E.1)

.const:ti_sysbios_heaps_HeapMem_Module__FXNS__C 
*          0    00001000    00000028     
                  00001000    00000028     release_pem3.oem3 (.const:ti_sysbios_heaps_HeapMem_Module__FXNS__C)

.const:ti_sysbios_gates_GateHwi_Module__FXNS__C 
*          0    00001028    00000024     
                  00001028    00000024     release_pem3.oem3 (.const:ti_sysbios_gates_GateHwi_Module__FXNS__C)

.const:ti_sysbios_gates_GateMutex_Module__FXNS__C 
*          0    0000104c    00000024     
                  0000104c    00000024     release_pem3.oem3 (.const:ti_sysbios_gates_GateMutex_Module__FXNS__C)

.const:ti_sysbios_family_arm_m3_Hwi_Object__DESC__C 
*          0    00001070    00000020     
                  00001070    00000020     release_pem3.oem3 (.const:ti_sysbios_family_arm_m3_Hwi_Object__DESC__C)

.const:ti_sysbios_gates_GateHwi_Object__DESC__C 
*          0    00001090    00000020     
                  00001090    00000020     release_pem3.oem3 (.const:ti_sysbios_gates_GateHwi_Object__DESC__C)

.const:ti_sysbios_gates_GateMutex_Object__DESC__C 
*          0    000010b0    00000020     
                  000010b0    00000020     release_pem3.oem3 (.const:ti_sysbios_gates_GateMutex_Object__DESC__C)

.const:ti_sysbios_hal_Hwi_Object__DESC__C 
*          0    000010d0    00000020     
                  000010d0    00000020     release_pem3.oem3 (.const:ti_sysbios_hal_Hwi_Object__DESC__C)

.const:ti_sysbios_heaps_HeapMem_Object__DESC__C 
*          0    000010f0    00000020     
                  000010f0    00000020     release_pem3.oem3 (.const:ti_sysbios_heaps_HeapMem_Object__DESC__C)

.const:ti_sysbios_knl_Clock_Object__DESC__C 
*          0    00001110    00000020     
                  00001110    00000020     release_pem3.oem3 (.const:ti_sysbios_knl_Clock_Object__DESC__C)

.const:ti_sysbios_knl_Event_Object__DESC__C 
*          0    00001130    00000020     
                  00001130    00000020     release_pem3.oem3 (.const:ti_sysbios_knl_Event_Object__DESC__C)

.const:ti_sysbios_knl_Mailbox_Object__DESC__C 
*          0    00001150    00000020     
                  00001150    00000020     release_pem3.oem3 (.const:ti_sysbios_knl_Mailbox_Object__DESC__C)

.const:ti_sysbios_knl_Queue_Object__DESC__C 
*          0    00001170    00000020     
                  00001170    00000020     release_pem3.oem3 (.const:ti_sysbios_knl_Queue_Object__DESC__C)

.const:ti_sysbios_knl_Semaphore_Object__DESC__C 
*          0    00001190    00000020     
                  00001190    00000020     release_pem3.oem3 (.const:ti_sysbios_knl_Semaphore_Object__DESC__C)

.const:ti_sysbios_knl_Swi_Object__DESC__C 
*          0    000011b0    00000020     
                  000011b0    00000020     release_pem3.oem3 (.const:ti_sysbios_knl_Swi_Object__DESC__C)

.const:ti_sysbios_knl_Task_Object__DESC__C 
*          0    000011d0    00000020     
                  000011d0    00000020     release_pem3.oem3 (.const:ti_sysbios_knl_Task_Object__DESC__C)

.const:ti_sysbios_knl_Idle_funcList__C 
*          0    000011f0    00000008     
                  000011f0    00000008     release_pem3.oem3 (.const:ti_sysbios_knl_Idle_funcList__C)

.const:ti_sysbios_family_arm_cc26xx_Timer_startupNeeded__C 
*          0    000011f8    00000004     
                  000011f8    00000004     release_pem3.oem3 (.const:ti_sysbios_family_arm_cc26xx_Timer_startupNeeded__C)

.const:ti_sysbios_family_arm_m3_Hwi_E_alreadyDefined__C 
*          0    000011fc    00000004     
                  000011fc    00000004     release_pem3.oem3 (.const:ti_sysbios_family_arm_m3_Hwi_E_alreadyDefined__C)

.const:ti_sysbios_family_arm_m3_Hwi_E_hwiLimitExceeded__C 
*          0    00001200    00000004     
                  00001200    00000004     release_pem3.oem3 (.const:ti_sysbios_family_arm_m3_Hwi_E_hwiLimitExceeded__C)

.const:ti_sysbios_family_arm_m3_Hwi_NUM_INTERRUPTS__C 
*          0    00001204    00000004     
                  00001204    00000004     release_pem3.oem3 (.const:ti_sysbios_family_arm_m3_Hwi_NUM_INTERRUPTS__C)

.const:ti_sysbios_family_arm_m3_Hwi_Object__count__C 
*          0    00001208    00000004     
                  00001208    00000004     release_pem3.oem3 (.const:ti_sysbios_family_arm_m3_Hwi_Object__count__C)

.const:ti_sysbios_family_arm_m3_Hwi_Object__table__C 
*          0    0000120c    00000004     
                  0000120c    00000004     release_pem3.oem3 (.const:ti_sysbios_family_arm_m3_Hwi_Object__table__C)

.const:ti_sysbios_family_arm_m3_Hwi_ccr__C 
*          0    00001210    00000004     
                  00001210    00000004     release_pem3.oem3 (.const:ti_sysbios_family_arm_m3_Hwi_ccr__C)

.const:ti_sysbios_family_arm_m3_Hwi_excHandlerFunc__C 
*          0    00001214    00000004     
                  00001214    00000004     release_pem3.oem3 (.const:ti_sysbios_family_arm_m3_Hwi_excHandlerFunc__C)

.const:ti_sysbios_family_arm_m3_Hwi_nullIsrFunc__C 
*          0    00001218    00000004     
                  00001218    00000004     release_pem3.oem3 (.const:ti_sysbios_family_arm_m3_Hwi_nullIsrFunc__C)

.const:ti_sysbios_family_arm_m3_Hwi_numSparseInterrupts__C 
*          0    0000121c    00000004     
                  0000121c    00000004     release_pem3.oem3 (.const:ti_sysbios_family_arm_m3_Hwi_numSparseInterrupts__C)

.const:ti_sysbios_family_arm_m3_Hwi_priGroup__C 
*          0    00001220    00000004     
                  00001220    00000004     release_pem3.oem3 (.const:ti_sysbios_family_arm_m3_Hwi_priGroup__C)

.const:ti_sysbios_family_arm_m3_TaskSupport_stackAlignment__C 
*          0    00001224    00000004     
                  00001224    00000004     release_pem3.oem3 (.const:ti_sysbios_family_arm_m3_TaskSupport_stackAlignment__C)

.const:ti_sysbios_heaps_HeapMem_E_memory__C 
*          0    00001228    00000004     
                  00001228    00000004     release_pem3.oem3 (.const:ti_sysbios_heaps_HeapMem_E_memory__C)

.const:ti_sysbios_heaps_HeapMem_Module__gateObj__C 
*          0    0000122c    00000004     
                  0000122c    00000004     release_pem3.oem3 (.const:ti_sysbios_heaps_HeapMem_Module__gateObj__C)

.const:ti_sysbios_heaps_HeapMem_Object__count__C 
*          0    00001230    00000004     
                  00001230    00000004     release_pem3.oem3 (.const:ti_sysbios_heaps_HeapMem_Object__count__C)

.const:ti_sysbios_heaps_HeapMem_Object__table__C 
*          0    00001234    00000004     
                  00001234    00000004     release_pem3.oem3 (.const:ti_sysbios_heaps_HeapMem_Object__table__C)

.const:ti_sysbios_heaps_HeapMem_reqAlign__C 
*          0    00001238    00000004     
                  00001238    00000004     release_pem3.oem3 (.const:ti_sysbios_heaps_HeapMem_reqAlign__C)

.const:ti_sysbios_knl_Clock_triggerClock__C 
*          0    0000123c    00000004     
                  0000123c    00000004     release_pem3.oem3 (.const:ti_sysbios_knl_Clock_triggerClock__C)

.const:ti_sysbios_knl_Mailbox_Object__count__C 
*          0    00001240    00000004     
                  00001240    00000004     release_pem3.oem3 (.const:ti_sysbios_knl_Mailbox_Object__count__C)

.const:ti_sysbios_knl_Mailbox_Object__table__C 
*          0    00001244    00000004     
                  00001244    00000004     release_pem3.oem3 (.const:ti_sysbios_knl_Mailbox_Object__table__C)

.const:ti_sysbios_knl_Mailbox_maxTypeAlign__C 
*          0    00001248    00000004     
                  00001248    00000004     release_pem3.oem3 (.const:ti_sysbios_knl_Mailbox_maxTypeAlign__C)

.const:ti_sysbios_knl_Queue_Object__count__C 
*          0    0000124c    00000004     
                  0000124c    00000004     release_pem3.oem3 (.const:ti_sysbios_knl_Queue_Object__count__C)

.const:ti_sysbios_knl_Queue_Object__table__C 
*          0    00001250    00000004     
                  00001250    00000004     release_pem3.oem3 (.const:ti_sysbios_knl_Queue_Object__table__C)

.const:ti_sysbios_knl_Semaphore_eventPost__C 
*          0    00001254    00000004     
                  00001254    00000004     release_pem3.oem3 (.const:ti_sysbios_knl_Semaphore_eventPost__C)

.const:ti_sysbios_knl_Semaphore_eventSync__C 
*          0    00001258    00000004     
                  00001258    00000004     release_pem3.oem3 (.const:ti_sysbios_knl_Semaphore_eventSync__C)

.const:ti_sysbios_knl_Swi_Object__count__C 
*          0    0000125c    00000004     
                  0000125c    00000004     release_pem3.oem3 (.const:ti_sysbios_knl_Swi_Object__count__C)

.const:ti_sysbios_knl_Swi_Object__table__C 
*          0    00001260    00000004     
                  00001260    00000004     release_pem3.oem3 (.const:ti_sysbios_knl_Swi_Object__table__C)

.const:ti_sysbios_knl_Swi_numPriorities__C 
*          0    00001264    00000004     
                  00001264    00000004     release_pem3.oem3 (.const:ti_sysbios_knl_Swi_numPriorities__C)

.const:ti_sysbios_knl_Task_Object__count__C 
*          0    00001268    00000004     
                  00001268    00000004     release_pem3.oem3 (.const:ti_sysbios_knl_Task_Object__count__C)

.const:ti_sysbios_knl_Task_Object__table__C 
*          0    0000126c    00000004     
                  0000126c    00000004     release_pem3.oem3 (.const:ti_sysbios_knl_Task_Object__table__C)

.const:ti_sysbios_knl_Task_allBlockedFunc__C 
*          0    00001270    00000004     
                  00001270    00000004     release_pem3.oem3 (.const:ti_sysbios_knl_Task_allBlockedFunc__C)

.const:ti_sysbios_knl_Task_defaultStackHeap__C 
*          0    00001274    00000004     
                  00001274    00000004     release_pem3.oem3 (.const:ti_sysbios_knl_Task_defaultStackHeap__C)

.const:ti_sysbios_knl_Task_defaultStackSize__C 
*          0    00001278    00000004     
                  00001278    00000004     release_pem3.oem3 (.const:ti_sysbios_knl_Task_defaultStackSize__C)

.const:ti_sysbios_knl_Task_numConstructedTasks__C 
*          0    0000127c    00000004     
                  0000127c    00000004     release_pem3.oem3 (.const:ti_sysbios_knl_Task_numConstructedTasks__C)

.const:ti_sysbios_family_arm_cc26xx_Timer_Module__id__C 
*          0    00001280    00000002     
                  00001280    00000002     release_pem3.oem3 (.const:ti_sysbios_family_arm_cc26xx_Timer_Module__id__C)

.const:ti_sysbios_family_arm_cc26xx_TimestampProvider_useClockTimer__C 
*          0    00001282    00000002     
                  00001282    00000002     release_pem3.oem3 (.const:ti_sysbios_family_arm_cc26xx_TimestampProvider_useClockTimer__C)

.const:ti_sysbios_family_arm_m3_Hwi_Module__id__C 
*          0    00001284    00000002     
                  00001284    00000002     release_pem3.oem3 (.const:ti_sysbios_family_arm_m3_Hwi_Module__id__C)

.const:ti_sysbios_gates_GateHwi_Module__id__C 
*          0    00001286    00000002     
                  00001286    00000002     release_pem3.oem3 (.const:ti_sysbios_gates_GateHwi_Module__id__C)

.const:ti_sysbios_gates_GateMutex_Module__id__C 
*          0    00001288    00000002     
                  00001288    00000002     release_pem3.oem3 (.const:ti_sysbios_gates_GateMutex_Module__id__C)

.const:ti_sysbios_heaps_HeapMem_Module__id__C 
*          0    0000128a    00000002     
                  0000128a    00000002     release_pem3.oem3 (.const:ti_sysbios_heaps_HeapMem_Module__id__C)

.const:ti_sysbios_knl_Task_initStackFlag__C 
*          0    0000128c    00000002     
                  0000128c    00000002     release_pem3.oem3 (.const:ti_sysbios_knl_Task_initStackFlag__C)

.const:ti_sysbios_knl_Clock_tickMode__C 
*          0    0000128e    00000001     
                  0000128e    00000001     release_pem3.oem3 (.const:ti_sysbios_knl_Clock_tickMode__C)

.const:xdc_runtime_Startup_firstFxns__C 
*          0    00001290    00000008     
                  00001290    00000008     release_pem3.oem3 (.const:xdc_runtime_Startup_firstFxns__C)

.const:xdc_runtime_Startup_lastFxns__C 
*          0    00001298    00000008     
                  00001298    00000008     release_pem3.oem3 (.const:xdc_runtime_Startup_lastFxns__C)

.const:xdc_runtime_Assert_E_assertFailed__C 
*          0    000012a0    00000004     
                  000012a0    00000004     release_pem3.oem3 (.const:xdc_runtime_Assert_E_assertFailed__C)

.const:xdc_runtime_Error_E_memory__C 
*          0    000012a4    00000004     
                  000012a4    00000004     release_pem3.oem3 (.const:xdc_runtime_Error_E_memory__C)

.const:xdc_runtime_Error_policyFxn__C 
*          0    000012a8    00000004     
                  000012a8    00000004     release_pem3.oem3 (.const:xdc_runtime_Error_policyFxn__C)

.const:xdc_runtime_Error_raiseHook__C 
*          0    000012ac    00000004     
                  000012ac    00000004     release_pem3.oem3 (.const:xdc_runtime_Error_raiseHook__C)

.const:xdc_runtime_IGateProvider_Interface__BASE__C 
*          0    000012b0    00000004     
                  000012b0    00000004     release_pem3.oem3 (.const:xdc_runtime_IGateProvider_Interface__BASE__C)

.const:xdc_runtime_IHeap_Interface__BASE__C 
*          0    000012b4    00000004     
                  000012b4    00000004     release_pem3.oem3 (.const:xdc_runtime_IHeap_Interface__BASE__C)

.const:xdc_runtime_IModule_Interface__BASE__C 
*          0    000012b8    00000004     
                  000012b8    00000004     release_pem3.oem3 (.const:xdc_runtime_IModule_Interface__BASE__C)

.const:xdc_runtime_Memory_defaultHeapInstance__C 
*          0    000012bc    00000004     
                  000012bc    00000004     release_pem3.oem3 (.const:xdc_runtime_Memory_defaultHeapInstance__C)

.const:xdc_runtime_Startup_execImpl__C 
*          0    000012c0    00000004     
                  000012c0    00000004     release_pem3.oem3 (.const:xdc_runtime_Startup_execImpl__C)

.const:xdc_runtime_Startup_maxPasses__C 
*          0    000012c4    00000004     
                  000012c4    00000004     release_pem3.oem3 (.const:xdc_runtime_Startup_maxPasses__C)

.const:xdc_runtime_Startup_sfxnRts__C 
*          0    000012c8    00000004     
                  000012c8    00000004     release_pem3.oem3 (.const:xdc_runtime_Startup_sfxnRts__C)

.const:xdc_runtime_Startup_sfxnTab__C 
*          0    000012cc    00000004     
                  000012cc    00000004     release_pem3.oem3 (.const:xdc_runtime_Startup_sfxnTab__C)

.const:xdc_runtime_Startup_startModsFxn__C 
*          0    000012d0    00000004     
                  000012d0    00000004     release_pem3.oem3 (.const:xdc_runtime_Startup_startModsFxn__C)

.const:xdc_runtime_SysCallback_abortFxn__C 
*          0    000012d4    00000004     
                  000012d4    00000004     release_pem3.oem3 (.const:xdc_runtime_SysCallback_abortFxn__C)

.const:xdc_runtime_SysCallback_exitFxn__C 
*          0    000012d8    00000004     
                  000012d8    00000004     release_pem3.oem3 (.const:xdc_runtime_SysCallback_exitFxn__C)

.const:xdc_runtime_System_abortFxn__C 
*          0    000012dc    00000004     
                  000012dc    00000004     release_pem3.oem3 (.const:xdc_runtime_System_abortFxn__C)

.const:xdc_runtime_System_exitFxn__C 
*          0    000012e0    00000004     
                  000012e0    00000004     release_pem3.oem3 (.const:xdc_runtime_System_exitFxn__C)

.const:xdc_runtime_System_maxAtexitHandlers__C 
*          0    000012e4    00000004     
                  000012e4    00000004     release_pem3.oem3 (.const:xdc_runtime_System_maxAtexitHandlers__C)

.const:xdc_runtime_Text_charTab__C 
*          0    000012e8    00000004     
                  000012e8    00000004     release_pem3.oem3 (.const:xdc_runtime_Text_charTab__C)

.const:xdc_runtime_Text_nameEmpty__C 
*          0    000012ec    00000004     
                  000012ec    00000004     release_pem3.oem3 (.const:xdc_runtime_Text_nameEmpty__C)

.const:xdc_runtime_Text_nameStatic__C 
*          0    000012f0    00000004     
                  000012f0    00000004     release_pem3.oem3 (.const:xdc_runtime_Text_nameStatic__C)

.const:xdc_runtime_Text_nameUnknown__C 
*          0    000012f4    00000004     
                  000012f4    00000004     release_pem3.oem3 (.const:xdc_runtime_Text_nameUnknown__C)

.const:xdc_runtime_Error_maxDepth__C 
*          0    000012f8    00000002     
                  000012f8    00000002     release_pem3.oem3 (.const:xdc_runtime_Error_maxDepth__C)

.const:xdc_runtime_Memory_Module__id__C 
*          0    000012fa    00000002     
                  000012fa    00000002     release_pem3.oem3 (.const:xdc_runtime_Memory_Module__id__C)

.const:xdc_runtime_Text_charCnt__C 
*          0    000012fc    00000002     
                  000012fc    00000002     release_pem3.oem3 (.const:xdc_runtime_Text_charCnt__C)

.const:xdc_runtime_Text_isLoaded__C 
*          0    000012fe    00000002     
                  000012fe    00000002     release_pem3.oem3 (.const:xdc_runtime_Text_isLoaded__C)

.const:xdc_runtime_Error_policy__C 
*          0    00001300    00000001     
                  00001300    00000001     release_pem3.oem3 (.const:xdc_runtime_Error_policy__C)

.const:ti_sysbios_rom_ROM_ti_sysbios_family_arm_cc26xx_Timer_getCount64__E 
*          0    00001304    00000004     
                  00001304    00000004     release_pem3.oem3 (.const:ti_sysbios_rom_ROM_ti_sysbios_family_arm_cc26xx_Timer_getCount64__E)

.const:ti_sysbios_rom_ROM_ti_sysbios_family_arm_cc26xx_Timer_getCurrentTick__E 
*          0    00001308    00000004     
                  00001308    00000004     release_pem3.oem3 (.const:ti_sysbios_rom_ROM_ti_sysbios_family_arm_cc26xx_Timer_getCurrentTick__E)

.const:ti_sysbios_rom_ROM_ti_sysbios_family_arm_cc26xx_Timer_getMaxTicks__E 
*          0    0000130c    00000004     
                  0000130c    00000004     release_pem3.oem3 (.const:ti_sysbios_rom_ROM_ti_sysbios_family_arm_cc26xx_Timer_getMaxTicks__E)

.const:ti_sysbios_rom_ROM_ti_sysbios_family_arm_cc26xx_Timer_initDevice__I 
*          0    00001310    00000004     
                  00001310    00000004     release_pem3.oem3 (.const:ti_sysbios_rom_ROM_ti_sysbios_family_arm_cc26xx_Timer_initDevice__I)

.const:ti_sysbios_rom_ROM_ti_sysbios_family_arm_cc26xx_Timer_setNextTick__E 
*          0    00001314    00000004     
                  00001314    00000004     release_pem3.oem3 (.const:ti_sysbios_rom_ROM_ti_sysbios_family_arm_cc26xx_Timer_setNextTick__E)

.const:ti_sysbios_rom_ROM_ti_sysbios_family_arm_cc26xx_Timer_setThreshold__I 
*          0    00001318    00000004     
                  00001318    00000004     release_pem3.oem3 (.const:ti_sysbios_rom_ROM_ti_sysbios_family_arm_cc26xx_Timer_setThreshold__I)

.const:ti_sysbios_rom_ROM_ti_sysbios_family_arm_cc26xx_Timer_start__E 
*          0    0000131c    00000004     
                  0000131c    00000004     release_pem3.oem3 (.const:ti_sysbios_rom_ROM_ti_sysbios_family_arm_cc26xx_Timer_start__E)

.const:ti_sysbios_rom_ROM_ti_sysbios_family_arm_cc26xx_TimestampProvider_get32__E 
*          0    00001320    00000004     
                  00001320    00000004     release_pem3.oem3 (.const:ti_sysbios_rom_ROM_ti_sysbios_family_arm_cc26xx_TimestampProvider_get32__E)

.const:ti_sysbios_rom_ROM_xdc_runtime_Startup_getState__I 
*          0    00001324    00000004     
                  00001324    00000004     release_pem3.oem3 (.const:ti_sysbios_rom_ROM_xdc_runtime_Startup_getState__I)

.const:ti_sysbios_rom_ROM_xdc_runtime_System_SupportProxy_abort__E 
*          0    00001328    00000004     
                  00001328    00000004     release_pem3.oem3 (.const:ti_sysbios_rom_ROM_xdc_runtime_System_SupportProxy_abort__E)

.const:ti_sysbios_rom_ROM_xdc_runtime_System_SupportProxy_exit__E 
*          0    0000132c    00000004     
                  0000132c    00000004     release_pem3.oem3 (.const:ti_sysbios_rom_ROM_xdc_runtime_System_SupportProxy_exit__E)

.text.2    0    00001330    00004e00     
                  00001330    00001106     rtsv7M3_T_le_eabi.lib : _printfi.obj (.text)
                  00002436    00000002     release_pem3.oem3 (.text:ti_sysbios_BIOS_nullFunc__I)
                  00002438    0000015c     drivers_cc26x0r2.aem3 : UARTCC26XX.oem3 (.text:UARTCC26XX_open)
                  00002594    00000140                           : ADCBufCC26XX.oem3 (.text:ADCBufCC26XX_open)
                  000026d4    00000136     rtsv7M3_T_le_eabi.lib : fd_div_t2.obj (.text)
                  0000280a    00000002     release_pem3.oem3 (.text:ti_sysbios_rom_cortexm_cc26xx_r2_CC26xx_badRomRevision__E)
                  0000280c    0000012c     drivers_cc26x0r2.aem3 : PowerCC26XX.oem3 (.text:Power_init)
                  00002938    0000011c                           : UARTCC26XX.oem3 (.text:UARTCC26XX_read)
                  00002a54    00000112                           : UARTCC26XX.oem3 (.text:UARTCC26XX_hwiIntFxn)
                  00002b66    00000002     rom_sysbios.aem3 : rom_sysbios.obj (.text:xdc_runtime_SysCallback_defaultAbort)
                  00002b68    000000fc     drivers_cc26x0r2.aem3 : UARTCC26XX.oem3 (.text:UARTCC26XX_write)
                  00002c64    000000fc     rtsv7M3_T_le_eabi.lib : fd_mul_t2.obj (.text)
                  00002d60    000000e8     dpl_cc26x0r2.aem3 : PowerCC26XX_tirtos.oem3 (.text:PowerCC26XX_standbyPolicy)
                  00002e48    000000e4     rom_sysbios.aem3 : rom_sysbios.obj (.text:pthread_create)
                  00002f2c    000000dc     drivers_cc26x0r2.aem3 : PINCC26XX.oem3 (.text:PINCC26XX_setIoCfg)
                  00003008    000000d0     rtsv7M3_T_le_eabi.lib : s_scalbn.obj (.text)
                  000030d8    000000c0     driverlib.lib : aux_adc.obj (.text:NOROM_AUXADCEnableSync)
                  00003198    000000bc     drivers_cc26x0r2.aem3 : GPTimerCC26XX.oem3 (.text:GPTimerCC26XX_open)
                  00003254    000000bc                           : PowerCC26XX.oem3 (.text:Power_releaseDependency)
                  00003310    000000b4     driverlib.lib : aux_adc.obj (.text:NOROM_AUXADCEnableAsync)
                  000033c4    000000b4     drivers_cc26x0r2.aem3 : PowerCC26XX.oem3 (.text:Power_setDependency)
                  00003478    000000b4     adcBufContinuousSampling.obj (.text:adcBufCallback)
                  0000352c    000000b0     drivers_cc26x0r2.aem3 : UARTCC26XX.oem3 (.text:UARTCC26XX_initHw)
                  000035dc    000000ac     driverlib.lib : setup.obj (.text:NOROM_SetupTrimDevice)
                  00003688    000000a4     adcBufContinuousSampling.obj (.text:mainThread)
                  0000372c    000000a4     drivers_cc26x0r2.aem3 : PowerCC26XX.oem3 (.text:switchXOSCHFclockFunc)
                  000037d0    000000a0                           : GPTimerCC26XX.oem3 (.text:GPTimerCC26XX_close)
                  00003870    000000a0     auto_init.aem3 : auto_init.oem3 (.text)
                  00003910    000000a0     rom_sysbios.aem3 : rom_sysbios.obj (.text:ti_sysbios_knl_Task_setPri__E)
                  000039b0    0000009c     rtsv7M3_T_le_eabi.lib : memcpy_t2.obj (.text)
                  00003a4c    00000098     drivers_cc26x0r2.aem3 : PINCC26XX.oem3 (.text:PIN_open)
                  00003ae4    00000098                           : UARTCC26XX.oem3 (.text:UARTCC26XX_initIO)
                  00003b7c    00000098     rom_sysbios.aem3 : rom_sysbios.obj (.text:ti_sysbios_knl_Clock_workFuncDynamic__E)
                  00003c14    00000094     driverlib.lib : aux_adc.obj (.text:NOROM_AUXADCDisable)
                  00003ca8    0000008c                   : setup.obj (.text:TrimAfterColdResetWakeupFromShutDown)
                  00003d34    0000008c     drivers_cc26x0r2.aem3 : UARTCC26XX.oem3 (.text:UARTCC26XX_close)
                  00003dc0    0000008c                           : UARTCC26XX.oem3 (.text:UARTCC26XX_writeCancel)
                  00003e4c    0000008c                           : UARTCC26XX.oem3 (.text:writeFinishedDoCallback)
                  00003ed8    00000088     rom_sysbios.aem3 : rom_sysbios.obj (.text:_pthread_removeThreadKeys)
                  00003f60    00000086     rtsv7M3_T_le_eabi.lib : fd_cmp_t2.obj (.text:__aeabi_cdcmple)
                  00003fe6    00000086                           : fd_cmp_t2.obj (.text:__aeabi_cdrcmple)
                  0000406c    0000007a                           : memset_t2.obj (.text)
                  000040e6    00000078     drivers_cc26x0r2.aem3 : UARTCC26XX.oem3 (.text:writeTxFifoFlush)
                  0000415e    00000002     rom_sysbios.aem3 : rom_sysbios.obj (.text:xdc_runtime_SysCallback_defaultExit)
                  00004160    00000074                      : rom_sysbios.obj (.text:ti_sysbios_family_arm_cc26xx_Timer_start__E)
                  000041d4    00000070     drivers_cc26x0r2.aem3 : ADCBufCC26XX.oem3 (.text:ADCBufCC26XX_control)
                  00004244    00000070     driverlib.lib : sys_ctrl.obj (.text:NOROM_SysCtrlAdjustRechargeAfterPowerDown)
                  000042b4    00000070     drivers_cc26x0r2.aem3 : PowerCC26XX.oem3 (.text:lfClockReadyCallback)
                  00004324    0000006c     driverlib.lib : osc.obj (.text:NOROM_OSCHF_AttemptToSwitchToXosc)
                  00004390    0000006c     drivers_cc26x0r2.aem3 : PowerCC26XX_calibrateRCOSC.oem3 (.text:PowerCC26XX_initiateCalibration)
                  000043fc    0000006c                           : PowerCC26XX.oem3 (.text:configureXOSCHF)
                  00004468    00000068     driverlib.lib : sys_ctrl.obj (.text:NOROM_SysCtrl_DCDC_VoltageConditionalControl)
                  000044d0    00000068     drivers_cc26x0r2.aem3 : UARTCC26XX.oem3 (.text:UARTCC26XX_readCancel)
                  00004538    00000068     rom_sysbios.aem3 : rom_sysbios.obj (.text:_pthread_runStub)
                  000045a0    00000068     rtsv7M3_T_le_eabi.lib : copy_decompress_lzss.obj (.text:decompress:lzss)
                  00004608    00000068     main_tirtos.obj (.text:main)
                  00004670    00000064     drivers_cc26x0r2.aem3 : ADCBufCC26XX.oem3 (.text:ADCBufCC26XX_cleanADC)
                  000046d4    00000060                           : ADCBufCC26XX.oem3 (.text:ADCBufCC26XX_swiFxn)
                  00004734    00000060     rtsv7M3_T_le_eabi.lib : sprintf.obj (.text)
                  00004794    0000005c     drivers_cc26x0r2.aem3 : PowerCC26XX_calibrateRCOSC.oem3 (.text:PowerCC26XX_RCOSC_clockFunc)
                  000047f0    0000005c                           : PowerCC26XX.oem3 (.text:PowerCC26XX_calibrate)
                  0000484c    0000005c                           : UDMACC26XX.oem3 (.text:UDMACC26XX_open)
                  000048a8    0000005c     rtsv7M3_T_le_eabi.lib : s_frexp.obj (.text)
                  00004904    0000005c     rom_sysbios.aem3 : rom_sysbios.obj (.text:ti_sysbios_heaps_HeapMem_initPrimary__I)
                  00004960    0000005c     release_pem3.oem3 (.text:xdc_runtime_Startup_getState__I)
                  000049bc    00000058     drivers_cc26x0r2.aem3 : ADCBufCC26XX.oem3 (.text:ADCBufCC26XX_loadDMAControlTableEntry)
                  00004a14    00000058                           : GPTimerCC26XX.oem3 (.text:GPTimerCC26XX_stop)
                  00004a6c    00000058                           : PINCC26XX.oem3 (.text:PIN_remove)
                  00004ac4    00000058                           : UARTCC26XX.oem3 (.text:UARTCC26XX_control)
                  00004b1c    00000054     rtsv7M3_T_le_eabi.lib : ltoa.obj (.text)
                  00004b70    00000050     drivers_cc26x0r2.aem3 : ADCBufCC26XX.oem3 (.text:ADCBufCC26XX_loadGPTDMAControlTableEntry)
                  00004bc0    00000050                           : UARTCC26XX.oem3 (.text:startTxFifoEmptyClk)
                  00004c10    0000004c                           : GPTimerCC26XX.oem3 (.text:GPTimerCC26XX_start)
                  00004c5c    0000004c     rtsv7M3_T_le_eabi.lib : atoi.obj (.text)
                  00004ca8    0000004c                           : cpy_tbl.obj (.text)
                  00004cf4    00000048     dpl_cc26x0r2.aem3 : ClockP_tirtos.oem3 (.text:ClockP_construct)
                  00004d3c    00000048     drivers_cc26x0r2.aem3 : PINCC26XX.oem3 (.text:PIN_setOutputEnable)
                  00004d84    00000048     rtsv7M3_T_le_eabi.lib : fd_toi_t2.obj (.text)
                  00004dcc    00000048     rom_sysbios.aem3 : rom_sysbios.obj (.text:ti_sysbios_family_arm_cc26xx_Timer_setThreshold__I)
                  00004e14    00000044     drivers_cc26x0r2.aem3 : ADCBufCC26XX.oem3 (.text:ADCBufCC26XX_close)
                  00004e58    00000044     driverlib.lib : osc.obj (.text:NOROM_OSCHF_SwitchToRcOscTurnOffXosc)
                  00004e9c    00000044     drivers_cc26x0r2.aem3 : RingBuf.oem3 (.text:RingBuf_put)
                  00004ee0    00000044     boot.aem3 : boot.oem3 (.text)
                  00004f24    00000044     drivers_cc26x0r2.aem3 : PowerCC26XX.oem3 (.text:notify)
                  00004f68    00000040                           : ADCBufCC26XX.oem3 (.text:ADCBufCC26XX_convertAdjustedToMicroVolts)
                  00004fa8    00000040                           : ADCBuf.oem3 (.text:ADCBuf_init)
                  00004fe8    00000040                           : ADCBuf.oem3 (.text:ADCBuf_open)
                  00005028    00000040                           : PINCC26XX.oem3 (.text:PIN_swi)
                  00005068    00000040                           : UART.oem3 (.text:UART_init)
                  000050a8    00000040                           : UART.oem3 (.text:UART_open)
                  000050e8    0000003e     dpl_cc26x0r2.aem3 : HwiP_tirtos.oem3 (.text:HwiP_construct)
                  00005126    0000003e     drivers_cc26x0r2.aem3 : RingBuf.oem3 (.text:RingBuf_get)
                  00005164    0000003c                           : ADCBufCC26XX.oem3 (.text:ADCBufCC26XX_hwiFxn)
                  000051a0    0000003c     driverlib.lib : osc.obj (.text:NOROM_OSC_HPOSCRelativeFrequencyOffsetGet)
                  000051dc    0000003c     dpl_cc26x0r2.aem3 : SwiP_tirtos.oem3 (.text:SwiP_construct)
                  00005218    0000003c     drivers_cc26x0r2.aem3 : PowerCC26XX.oem3 (.text:disableLfClkQualifiersEnableClkLoss)
                  00005254    0000003c     rom_sysbios.aem3 : rom_sysbios.obj (.text:ti_sysbios_family_arm_m3_Hwi_construct2__E)
                  00005290    0000003a     drivers_cc26x0r2.aem3 : ADCBufCC26XX.oem3 (.text:ADCBufCC26XX_adjustRawValues)
                  000052ca    00000002     --HOLE-- [fill = 0]
                  000052cc    00000038                           : PINCC26XX.oem3 (.text:PIN_setOutputValue)
                  00005304    00000038                           : UARTCC26XX.oem3 (.text:UARTCC26XX_swiIntFxn)
                  0000533c    00000036                           : UDMACC26XX.oem3 (.text:UDMACC26XX_close)
                  00005372    00000002     --HOLE-- [fill = 0]
                  00005374    00000034                           : GPTimerCC26XX.oem3 (.text:GPTimerCC26XXSetLoadMatch)
                  000053a8    00000034     driverlib.lib : aux_adc.obj (.text:NOROM_AUXADCDisableInputScaling)
                  000053dc    00000034     drivers_cc26x0r2.aem3 : PINCC26XX.oem3 (.text:PIN_setConfig)
                  00005410    00000034                           : PowerCC26XX.oem3 (.text:Power_releaseConstraint)
                  00005444    00000034     rom_sysbios.aem3 : rom_sysbios.obj (.text:ti_sysbios_family_arm_cc26xx_Timer_initDevice__I)
                  00005478    00000032     drivers_cc26x0r2.aem3 : ADCBufCC26XX.oem3 (.text:ADCBufCC26XX_convertCancel)
                  000054aa    00000032     rom_sysbios.aem3 : rom_sysbios.obj (.text:ti_sysbios_family_arm_cc26xx_Timer_setNextTick__E)
                  000054dc    00000030     drivers_cc26x0r2.aem3 : PowerCC26XX.oem3 (.text:Power_setConstraint)
                  0000550c    00000030     driverlib.lib : adi.obj (.text:SafeHapiAuxAdiSelect)
                  0000553c    00000030     release_pem3.oem3 (.text:ti_sysbios_BIOS_atExitFunc__I)
                  0000556c    00000030     release_pem3.oem3 (.text:ti_sysbios_BIOS_startFunc__I)
                  0000559c    00000030     rom_sysbios.aem3 : rom_sysbios.obj (.text:ti_sysbios_family_arm_cc26xx_Timer_getCurrentTick__E)
                  000055cc    0000002e     drivers_cc26x0r2.aem3 : UARTCC26XX.oem3 (.text:readData)
                  000055fa    0000002e     rtsv7M3_T_le_eabi.lib : i_tofd_t2.obj (.text)
                  00005628    0000002e     drivers_cc26x0r2.aem3 : UARTCC26XX.oem3 (.text:writeData)
                  00005656    00000002     --HOLE-- [fill = 0]
                  00005658    0000002c     driverlib.lib : chipinfo.obj (.text:NOROM_ChipInfo_GetChipFamily)
                  00005684    0000002c     drivers_cc26x0r2.aem3 : PINCC26XX.oem3 (.text:PINCC26XX_setMux)
                  000056b0    0000002c     dpl_cc26x0r2.aem3 : SemaphoreP_tirtos.oem3 (.text:SemaphoreP_constructBinary)
                  000056dc    0000002c     rom_sysbios.aem3 : rom_sysbios.obj (.text:ti_sysbios_knl_Clock_getTicksUntilInterrupt__E)
                  00005708    00000028     drivers_cc26x0r2.aem3 : GPTimerCC26XX.oem3 (.text:GPTimerCC26XX_configureDebugStall)
                  00005730    00000028     driverlib.lib : chipinfo.obj (.text:NOROM_ChipInfo_GetChipType)
                  00005758    00000028     drivers_cc26x0r2.aem3 : PowerCC26XX.oem3 (.text:Power_registerNotify)
                  00005780    00000028     driverlib.lib : adi.obj (.text:SafeHapiVoid)
                  000057a8    00000028     drivers_cc26x0r2.aem3 : UARTCC26XX.oem3 (.text:readData2RingBuf)
                  000057d0    00000024                           : GPTimerCC26XX.oem3 (.text:GPTimerCC26XX_enableInterrupt)
                  000057f4    00000024     driverlib.lib : osc.obj (.text:NOROM_OSCHF_TurnOnXosc)
                  00005818    00000024     rom_sysbios.aem3 : rom_sysbios.obj (.text:pthread_attr_init)
                  0000583c    00000024     release_pem3.oem3 (.text:ti_sysbios_BIOS_registerRTSLock__I)
                  00005860    00000024     release_pem3.oem3 (.text:ti_sysbios_BIOS_removeRTSLock__I)
                  00005884    00000024     rom_sysbios.aem3 : rom_sysbios.obj (.text:ti_sysbios_family_arm_cc26xx_Timer_getMaxTicks__E)
                  000058a8    00000022     drivers_cc26x0r2.aem3 : List.oem3 (.text:List_put)
                  000058ca    00000022     driverlib.lib : aux_adc.obj (.text:NOROM_AUXADCAdjustValueForGainAndOffset)
                  000058ec    00000022                   : uart.obj (.text:NOROM_UARTConfigSetExpClk)
                  0000590e    00000020     drivers_cc26x0r2.aem3 : GPTimerCC26XX.oem3 (.text:GPTimerCC26XXReverseLookupMask)
                  0000592e    00000002     --HOLE-- [fill = 0]
                  00005930    00000020     driverlib.lib : uart.obj (.text:NOROM_UARTDisable)
                  00005950    00000020     dpl_cc26x0r2.aem3 : PowerCC26XX_tirtos.oem3 (.text:PowerCC26XX_schedulerDisable)
                  00005970    00000020                       : PowerCC26XX_tirtos.oem3 (.text:PowerCC26XX_schedulerRestore)
                  00005990    00000020     drivers_cc26x0r2.aem3 : PowerCC26XX.oem3 (.text:Power_unregisterNotify)
                  000059b0    00000020     rom_sysbios.aem3 : rom_sysbios.obj (.text:sleep)
                  000059d0    00000020     release_pem3.oem3 (.text:ti_sysbios_BIOS_rtsLock__I)
                  000059f0    00000020     rom_sysbios.aem3 : rom_sysbios.obj (.text:ti_sysbios_family_arm_cc26xx_Timer_dynamicStub__E)
                  00005a10    00000020                      : rom_sysbios.obj (.text:xdc_runtime_Error_policyMin__E)
                  00005a30    0000001e     drivers_cc26x0r2.aem3 : PINCC26XX.oem3 (.text:PIN_close)
                  00005a4e    0000001e                           : PowerCC26XX.oem3 (.text:Power_getTransitionLatency)
                  00005a6c    0000001c     driverlib.lib : aux_adc.obj (.text:NOROM_AUXADCGetAdjustmentGain)
                  00005a88    0000001c     drivers_cc26x0r2.aem3 : PINCC26XX.oem3 (.text:PINCC26XX_setIoCfgMux)
                  00005aa4    0000001c                           : PINCC26XX.oem3 (.text:PIN_hwi)
                  00005ac0    0000001c     rom_sysbios.aem3 : rom_sysbios.obj (.text:ti_sysbios_knl_Swi_construct2__E)
                  00005adc    0000001a     rtsv7M3_T_le_eabi.lib : memccpy.obj (.text)
                  00005af6    00000002     --HOLE-- [fill = 0]
                  00005af8    00000018     CC2640R2_LAUNCHXL.obj (.text:CC2640R2_LAUNCHXL_initGeneral)
                  00005b10    00000018     driverlib.lib : aux_adc.obj (.text:NOROM_AUXADCGetAdjustmentOffset)
                  00005b28    00000018                   : chipinfo.obj (.text:NOROM_ChipInfo_GetPackageType)
                  00005b40    00000018                   : timer.obj (.text:NOROM_TimerStallControl)
                  00005b58    00000018     drivers_cc26x0r2.aem3 : PowerCC26XX.oem3 (.text:Power_idleFunc)
                  00005b70    00000018                           : UARTCC26XX.oem3 (.text:UARTCC26XX_init)
                  00005b88    00000018                           : UART.oem3 (.text:UART_Params_init)
                  00005ba0    00000018                           : PowerCC26XX.oem3 (.text:configureRFCoreClocks)
                  00005bb8    00000018     rom_sysbios.aem3 : rom_sysbios.obj (.text:pthread_attr_setschedparam)
                  00005bd0    00000018     rtsv7M3_T_le_eabi.lib : args_main.obj (.text)
                  00005be8    00000018                           : ll_mul_t2.obj (.text)
                  00005c00    00000018     release_pem3.oem3 (.text:ti_sysbios_BIOS_rtsUnlock__I)
                  00005c18    00000018     rom_sysbios.aem3 : rom_sysbios.obj (.text:ti_sysbios_knl_Swi_or__E)
                  00005c30    00000018     release_pem3.oem3 (.text:ti_sysbios_rom_cortexm_cc26xx_r2_CC26xx_checkRevision__E)
                  00005c48    00000018     rom_sysbios.aem3 : rom_sysbios.obj (.text:xdc_runtime_Error_init__E)
                  00005c60    00000016     drivers_cc26x0r2.aem3 : List.oem3 (.text:List_remove)
                  00005c76    00000016     rom_sysbios.aem3 : rom_sysbios.obj (.text:_pthread_cleanup_pop)
                  00005c8c    00000016     rtsv7M3_T_le_eabi.lib : strchr.obj (.text)
                  00005ca2    00000016     release_pem3.oem3 (.text:ti_sysbios_BIOS_errorRaiseHook__I)
                  00005cb8    00000016     release_pem3.oem3 (.text:ti_sysbios_BIOS_exitFunc__I)
                  00005cce    00000002     --HOLE-- [fill = 0]
                  00005cd0    00000014     drivers_cc26x0r2.aem3 : ADCBuf.oem3 (.text:ADCBuf_Params_init)
                  00005ce4    00000014     driverlib.lib : aux_adc.obj (.text:NOROM_AUXADCValueToMicrovolts)
                  00005cf8    00000014     rtsv7M3_T_le_eabi.lib : _lock.obj (.text)
                  00005d0c    00000014                           : strlen.obj (.text)
                  00005d20    00000014     rom_sysbios.aem3 : rom_sysbios.obj (.text:ti_sysbios_family_arm_cc26xx_Timer_getCount64__E)
                  00005d34    00000014     release_pem3.oem3 (.text:ti_sysbios_knl_Clock_doTick__I)
                  00005d48    00000012     drivers_cc26x0r2.aem3 : RingBuf.oem3 (.text:RingBuf_construct)
                  00005d5a    00000012     dpl_cc26x0r2.aem3 : SemaphoreP_tirtos.oem3 (.text:SemaphoreP_pend)
                  00005d6c    00000012     release_pem3.oem3 (.text:xdc_runtime_Startup_exec__I)
                  00005d7e    00000010     dpl_cc26x0r2.aem3 : HwiP_tirtos.oem3 (.text:HwiP_Params_init)
                  00005d8e    00000002     --HOLE-- [fill = 0]
                  00005d90    00000010     driverlib.lib : aux_adc.obj (.text:NOROM_AUXADCFlushFifo)
                  00005da0    00000010     drivers_cc26x0r2.aem3 : PINCC26XX.oem3 (.text:PINCC26XX_getPinCount)
                  00005db0    00000010     dpl_cc26x0r2.aem3 : SwiP_tirtos.oem3 (.text:SwiP_Params_init)
                  00005dc0    00000010     drivers_cc26x0r2.aem3 : UARTCC26XX.oem3 (.text:uartPostNotify)
                  00005dd0    0000000e                           : ADCBuf.oem3 (.text:ADCBuf_convertAdjustedToMicroVolts)
                  00005dde    0000000e     driverlib.lib : chipinfo.obj (.text:NOROM_ThisLibraryIsFor_CC26x0R2_HaltIfViolated)
                  00005dec    0000000e                   : uart.obj (.text:NOROM_UARTCharGetNonBlocking)
                  00005dfa    0000000e                   : uart.obj (.text:NOROM_UARTCharPutNonBlocking)
                  00005e08    0000000e     rtsv7M3_T_le_eabi.lib : copy_decompress_none.obj (.text:decompress:none)
                  00005e16    0000000e     rom_sysbios.aem3 : rom_sysbios.obj (.text:pthread_attr_setdetachstate)
                  00005e24    0000000e                      : rom_sysbios.obj (.text:ti_sysbios_family_arm_cc26xx_TimestampProvider_get32__E)
                  00005e32    0000000e     adcBufContinuousSampling.obj (.text:uartCallback)
                  00005e40    0000000c     drivers_cc26x0r2.aem3 : GPTimerCC26XX.oem3 (.text:GPTimerCC26XX_Params_init)
                  00005e4c    0000000c                           : List.oem3 (.text:List_empty)
                  00005e58    0000000c     driverlib.lib : cpu.obj (.text:NOROM_CPUcpsid)
                  00005e64    0000000c                   : cpu.obj (.text:NOROM_CPUcpsie)
                  00005e70    0000000c                   : osc.obj (.text:NOROM_OSC_HPOSCRelativeFrequencyOffsetToRFCoreFormatConvert)
                  00005e7c    0000000c     drivers_cc26x0r2.aem3 : PowerCC26XX.oem3 (.text:Power_getConstraintMask)
                  00005e88    0000000c                           : PowerCC26XX.oem3 (.text:Power_getDependencyCount)
                  00005e94    0000000c     rtsv7M3_T_le_eabi.lib : copy_zero_init.obj (.text:decompress:ZI)
                  00005ea0    0000000c     rom_sysbios.aem3 : rom_sysbios.obj (.text:ti_sysbios_knl_Swi_getTrigger__E)
                  00005eac    0000000c     release_pem3.oem3 (.text:xdc_runtime_Startup_reset__I)
                  00005eb8    0000000a     drivers_cc26x0r2.aem3 : ADCBuf.oem3 (.text:ADCBuf_adjustRawValues)
                  00005ec2    0000000a                           : ADCBuf.oem3 (.text:ADCBuf_convert)
                  00005ecc    0000000a                           : ADCBuf.oem3 (.text:ADCBuf_convertCancel)
                  00005ed6    0000000a                           : UART.oem3 (.text:UART_write)
                  00005ee0    0000000a                           : UDMACC26XX.oem3 (.text:UDMACC26XX_hwiIntFxn)
                  00005eea    00000008                           : ADCBufCC26XX.oem3 (.text:ADCBufCC26XX_conversionCallback)
                  00005ef2    00000008                           : ADCBufCC26XX.oem3 (.text:ADCBufCC26XX_init)
                  00005efa    00000008                           : GPTimerCC26XX.oem3 (.text:GPTimerCC26XX_setLoadValue)
                  00005f02    00000008                           : UARTCC26XX.oem3 (.text:readSemCallback)
                  00005f0a    00000008     rtsv7M3_T_le_eabi.lib : s_copysign.obj (.text)
                  00005f12    00000008     drivers_cc26x0r2.aem3 : UARTCC26XX.oem3 (.text:writeSemCallback)
                  00005f1a    00000006     dpl_cc26x0r2.aem3 : ClockP_tirtos.oem3 (.text:ClockP_Params_init)
                  00005f20    00000006     drivers_cc26x0r2.aem3 : UARTCC26XX.oem3 (.text:UARTCC26XX_readPolling)
                  00005f26    00000006                           : UARTCC26XX.oem3 (.text:UARTCC26XX_writePolling)
                  00005f2c    00000006     rom_sysbios.aem3 : rom_sysbios.obj (.text:pthread_attr_setstacksize)
                  00005f32    00000004     drivers_cc26x0r2.aem3 : ADCBufCC26XX.oem3 (.text:ADCBufCC26XX_getResolution)
                  00005f36    00000004     dpl_cc26x0r2.aem3 : PowerCC26XX_tirtos.oem3 (.text:CPUwfi)
                  00005f3a    00000004                       : ClockP_tirtos.oem3 (.text:ClockP_destruct)
                  00005f3e    00000004                       : ClockP_tirtos.oem3 (.text:ClockP_getCpuFreq)
                  00005f42    00000004                       : ClockP_tirtos.oem3 (.text:ClockP_setTimeout)
                  00005f46    00000004                       : ClockP_tirtos.oem3 (.text:ClockP_start)
                  00005f4a    00000004                       : ClockP_tirtos.oem3 (.text:ClockP_stop)
                  00005f4e    00000004                       : HwiP_tirtos.oem3 (.text:HwiP_destruct)
                  00005f52    00000004                       : HwiP_tirtos.oem3 (.text:HwiP_disable)
                  00005f56    00000004     drivers_cc26x0r2.aem3 : List.oem3 (.text:List_head)
                  00005f5a    00000004                           : List.oem3 (.text:List_next)
                  00005f5e    00000004     dpl_cc26x0r2.aem3 : SemaphoreP_tirtos.oem3 (.text:SemaphoreP_destruct)
                  00005f62    00000004                       : SemaphoreP_tirtos.oem3 (.text:SemaphoreP_post)
                  00005f66    00000004                       : SwiP_tirtos.oem3 (.text:SwiP_destruct)
                  00005f6a    00000004                       : SwiP_tirtos.oem3 (.text:SwiP_disable)
                  00005f6e    00000004                       : SwiP_tirtos.oem3 (.text:SwiP_getTrigger)
                  00005f72    00000004                       : SwiP_tirtos.oem3 (.text:SwiP_or)
                  00005f76    00000004                       : SwiP_tirtos.oem3 (.text:SwiP_post)
                  00005f7a    00000004     drivers_cc26x0r2.aem3 : PowerCC26XX.oem3 (.text:nopResourceHandler)
                  00005f7e    00000004     rom_sysbios.aem3 : rom_sysbios.obj (.text:ti_sysbios_knl_Queue_insert__E)
                  00005f82    00000004                      : rom_sysbios.obj (.text:ti_sysbios_knl_Task_getEnv__E)
                  00005f86    00000002     --HOLE-- [fill = 0]
                  00005f88    00000008     (.tramp.ti_sysbios_knl_Swi_destruct.1)
                  00005f90    00000008     (.tramp.ti_sysbios_family_arm_m3_Hwi_disableFxn__E.1)
                  00005f98    00000008     (.tramp.ti_sysbios_family_arm_m3_Hwi_destruct.1)
                  00005fa0    00000008     (.tramp.ti_sysbios_BIOS_getCpuFreq__E.1)
                  00005fa8    00000008     (.tramp.ti_sysbios_knl_Clock_destruct.1)
                  00005fb0    00000008     (.tramp.xdc_runtime_Startup_startMods__I.1)
                  00005fb8    00000008     (.tramp.ti_sysbios_knl_Clock_logTick__E.1)
                  00005fc0    00000008     (.tramp.ti_sysbios_knl_Swi_post__E.1)
                  00005fc8    00000008     (.tramp.ti_sysbios_BIOS_RtsGateProxy_leave__E.1)
                  00005fd0    00000008     (.tramp.ti_sysbios_knl_Swi_construct.1)
                  00005fd8    00000008     (.tramp.ti_sysbios_BIOS_RtsGateProxy_enter__E.1)
                  00005fe0    00000008     (.tramp.ti_sysbios_knl_Task_sleep__E.1)
                  00005fe8    00000008     (.tramp.ti_sysbios_knl_Task_startup__E.1)
                  00005ff0    00000008     (.tramp.ti_sysbios_knl_Swi_startup__E.1)
                  00005ff8    00000008     (.tramp.ti_sysbios_hal_Hwi_startup__E.1)
                  00006000    00000008     (.tramp.ti_sysbios_family_arm_cc26xx_Timer_startup__E.1)
                  00006008    00000008     (.tramp.xdc_runtime_System_atexit__E.1)
                  00006010    00000008     (.tramp.ti_sysbios_BIOS_linkedWithIncorrectBootLibrary__E.1)
                  00006018    00000008     (.tramp.xdc_runtime_Startup_rtsDone__E.1)
                  00006020    00000008     (.tramp.ti_sysbios_BIOS_setThreadType__E.1)
                  00006028    00000008     (.tramp.ti_sysbios_knl_Swi_disable__E.1)
                  00006030    00000008     (.tramp.ti_sysbios_family_arm_m3_Hwi_construct.1)
                  00006038    00000008     (.tramp.ti_sysbios_knl_Swi_Params__init__S.1)
                  00006040    00000008     (.tramp.ti_sysbios_family_arm_m3_Hwi_Params__init__S.1)
                  00006048    00000008     (.tramp.xdc_runtime_System_exit__E.1)
                  00006050    00000008     (.tramp.ti_sysbios_knl_Clock_construct.1)
                  00006058    00000008     (.tramp.ti_sysbios_knl_Clock_Params__init__S.1)
                  00006060    00000008     (.tramp.ti_sysbios_heaps_HeapMem_restore__E.1)
                  00006068    00000008     (.tramp.ti_sysbios_heaps_HeapMem_Object__get__S.1)
                  00006070    00000008     (.tramp.ti_sysbios_BIOS_start__E.1)
                  00006078    00000008     (.tramp.ti_sysbios_knl_Semaphore_post__E.1)
                  00006080    00000008     (.tramp.ti_sysbios_knl_Queue_next__E.1)
                  00006088    00000008     (.tramp.ti_sysbios_knl_Queue_head__E.1)
                  00006090    00000008     (.tramp.ti_sysbios_knl_Semaphore_pend__E.1)
                  00006098    00000008     (.tramp.ti_sysbios_knl_Clock_scheduleNextTick__E.1)
                  000060a0    00000008     (.tramp.ti_sysbios_knl_Clock_walkQueueDynamic__E.1)
                  000060a8    00000008     (.tramp.ti_sysbios_knl_Clock_TimerProxy_getCurrentTick__E.1)
                  000060b0    00000008     (.tramp.ti_sysbios_knl_Task_restore__E.1)
                  000060b8    00000008     (.tramp.ti_sysbios_knl_Queue_enqueue__E.1)
                  000060c0    00000008     (.tramp.ti_sysbios_knl_Queue_empty__E.1)
                  000060c8    00000008     (.tramp.ti_sysbios_knl_Queue_remove__E.1)
                  000060d0    00000008     (.tramp.ti_sysbios_knl_Task_disable__E.1)
                  000060d8    00000008     (.tramp.xdc_runtime_Memory_free__E.1)
                  000060e0    00000008     (.tramp.ti_sysbios_knl_Semaphore_destruct.1)
                  000060e8    00000008     (.tramp.ti_sysbios_knl_Task_create.1)
                  000060f0    00000008     (.tramp.ti_sysbios_knl_Semaphore_construct.1)
                  000060f8    00000008     (.tramp.ti_sysbios_knl_Semaphore_Params__init__S.1)
                  00006100    00000008     (.tramp.ti_sysbios_knl_Queue_construct.1)
                  00006108    00000008     (.tramp.xdc_runtime_Memory_alloc__E.1)
                  00006110    00000008     (.tramp.ti_sysbios_knl_Task_Params__init__S.1)
                  00006118    00000008     (.tramp.ti_sysbios_knl_Clock_stop__E.1)
                  00006120    00000008     (.tramp.ti_sysbios_knl_Clock_start__E.1)
                  00006128    00000008     (.tramp.ti_sysbios_knl_Clock_setTimeout__E.1)

.const     0    00006130    00000470     
                  00006130    00000101     rtsv7M3_T_le_eabi.lib : ctype.obj (.const:.string:_ctypes_)
                  00006231    00000001     release_pem3.oem3 (.const:xdc_runtime_Text_charTab__A)
                  00006232    00000002     --HOLE-- [fill = 0]
                  00006234    00000060     CC2640R2_LAUNCHXL.obj (.const:GPTimerCC26XX_config)
                  00006294    00000060     CC2640R2_LAUNCHXL.obj (.const:gptimerCC26xxHWAttrs)
                  000062f4    0000004c     drivers_cc26x0r2.aem3 : PowerCC26XX.oem3 (.const:resourceDB)
                  00006340    00000048     release_pem3.oem3 (.const:.string)
                  00006388    00000040     drivers_cc26x0r2.aem3 : UARTCC26XX.oem3 (.const:$O1$$)
                  000063c8    0000002c     CC2640R2_LAUNCHXL.obj (.const:BoardGpioInitTable)
                  000063f4    00000028     drivers_cc26x0r2.aem3 : UARTCC26XX.oem3 (.const:UARTCC26XX_fxnTable)
                  0000641c    00000024                           : GPTimerCC26XX.oem3 (.const:$O1$$)
                  00006440    00000024                           : ADCBufCC26XX.oem3 (.const:ADCBufCC26XX_fxnTable)
                  00006464    00000024                           : UART.oem3 (.const:UART_defaultParams)
                  00006488    00000024     release_pem3.oem3 (.const:xdc_runtime_Startup_sfxnTab__A)
                  000064ac    00000020     CC2640R2_LAUNCHXL.obj (.const:uartCC26XXHWAttrs)
                  000064cc    00000018     drivers_cc26x0r2.aem3 : ADCBuf.oem3 (.const:ADCBuf_defaultParams)
                  000064e4    00000018     CC2640R2_LAUNCHXL.obj (.const:PowerCC26XX_config)
                  000064fc    00000016     CC2640R2_LAUNCHXL.obj (.const:ADCBufCC26XX_adcChannelLut)
                  00006512    00000002     --HOLE-- [fill = 0]
                  00006514    00000014     CC2640R2_LAUNCHXL.obj (.const:adcBufCC26xxHWAttrs)
                  00006528    00000012     release_pem3.oem3 (.const:xdc_runtime_Startup_sfxnRts__A)
                  0000653a    00000002     --HOLE-- [fill = 0]
                  0000653c    0000000c     CC2640R2_LAUNCHXL.obj (.const:ADCBuf_config)
                  00006548    0000000c     CC2640R2_LAUNCHXL.obj (.const:UART_config)
                  00006554    0000000c     release_pem3.oem3 (.const:xdc_runtime_Startup_firstFxns__A)
                  00006560    00000009     CC2640R2_LAUNCHXL.obj (.const)
                  00006569    00000003     --HOLE-- [fill = 0]
                  0000656c    00000008     CC2640R2_LAUNCHXL.obj (.const:PINCC26XX_hwAttrs)
                  00006574    00000008     CC2640R2_LAUNCHXL.obj (.const:UDMACC26XX_config)
                  0000657c    00000008     CC2640R2_LAUNCHXL.obj (.const:udmaHWAttrs)
                  00006584    00000004     release_pem3.oem3 (.const:ti_sysbios_family_arm_m3_Hwi_swiDisable__C)
                  00006588    00000004     release_pem3.oem3 (.const:ti_sysbios_family_arm_m3_Hwi_swiRestoreHwi__C)
                  0000658c    00000004     release_pem3.oem3 (.const:ti_sysbios_heaps_HeapMem_primaryHeapBaseAddr__C)
                  00006590    00000004     release_pem3.oem3 (.const:ti_sysbios_heaps_HeapMem_primaryHeapEndAddr__C)
                  00006594    00000004     release_pem3.oem3 (.const:ti_sysbios_knl_Clock_tickPeriod__C)
                  00006598    00000004     release_pem3.oem3 (.const:ti_sysbios_knl_Idle_funcList__A)
                  0000659c    00000004     release_pem3.oem3 (.const:ti_sysbios_knl_Task_Object__heap__C)

.cinit     0    000065a0    0000028c     
                  000065a0    00000105     (.cinit..data.load) [load image, compression = lzss]
                  000066a5    00000028     (.cinit..data:ti_sysbios_family_arm_m3_Hwi_Module__state__V.load) [load image, compression = lzss]
                  000066cd    00000021     (.cinit..data:ti_sysbios_knl_Task_Module__state__V.load) [load image, compression = lzss]
                  000066ee    0000001f     (.cinit..data:ti_sysbios_BIOS_Module__state__V.load) [load image, compression = lzss]
                  0000670d    0000001d     (.cinit..data:ti_sysbios_knl_Clock_Module__state__V.load) [load image, compression = lzss]
                  0000672a    00000010     (.cinit..data:ti_sysbios_knl_Swi_Module__state__V.load) [load image, compression = lzss]
                  0000673a    00000002     --HOLE-- [fill = 0]
                  0000673c    0000000c     (__TI_handler_table)
                  00006748    0000000b     (.cinit..data:ti_sysbios_family_arm_cc26xx_Timer_Module__state__V.load) [load image, compression = lzss]
                  00006753    0000000b     (.cinit..data:xdc_runtime_System_Module__state__V.load) [load image, compression = lzss]
                  0000675e    00000002     --HOLE-- [fill = 0]
                  00006760    00000008     (.cinit..TI.bound:dmaADCAltControlTableEntry.load) [load image, compression = zero_init]
                  00006768    00000008     (.cinit..TI.bound:dmaADCPriControlTableEntry.load) [load image, compression = zero_init]
                  00006770    00000008     (.cinit..TI.bound:dmaGPT0AAltControlTableEntry.load) [load image, compression = zero_init]
                  00006778    00000008     (.cinit..TI.bound:dmaGPT0APriControlTableEntry.load) [load image, compression = zero_init]
                  00006780    00000008     (.cinit..bss.load) [load image, compression = zero_init]
                  00006788    00000008     (.cinit..data:xdc_runtime_Memory_Module__state__V.load) [load image, compression = lzss]
                  00006790    00000007     (.cinit..data:ti_sysbios_family_arm_cc26xx_TimestampProvider_Module__state__V.load) [load image, compression = lzss]
                  00006797    00000007     (.cinit..data:xdc_runtime_Startup_Module__state__V.load) [load image, compression = lzss]
                  0000679e    00000006     (.cinit..data:xdc_runtime_Error_Module__state__V.load) [load image, compression = lzss]
                  000067a4    00000088     (__TI_cinit_table)

.init_array 
*          0    00000000    00000000     UNINITIALIZED

.ccfg      0    0001ffa8    00000058     
                  0001ffa8    00000058     ccfg.obj (.ccfg:retain)

.vecs      0    20000000    000000c8     NOLOAD SECTION
                  20000000    000000c8     release_pem3.oem3 (.vecs)

.data:ti_sysbios_knl_Task_Module__state__V 
*          0    20000100    00000044     UNINITIALIZED
                  20000100    00000044     release_pem3.oem3 (.data:ti_sysbios_knl_Task_Module__state__V)

.data:ti_sysbios_family_arm_m3_Hwi_Module__state__V 
*          0    20000144    00000034     UNINITIALIZED
                  20000144    00000034     release_pem3.oem3 (.data:ti_sysbios_family_arm_m3_Hwi_Module__state__V)

.data:ti_sysbios_knl_Clock_Module__state__V 
*          0    20000178    0000002c     UNINITIALIZED
                  20000178    0000002c     release_pem3.oem3 (.data:ti_sysbios_knl_Clock_Module__state__V)

.data:ti_sysbios_BIOS_Module__state__V 
*          0    200001a4    00000024     UNINITIALIZED
                  200001a4    00000024     release_pem3.oem3 (.data:ti_sysbios_BIOS_Module__state__V)

.data:ti_sysbios_knl_Swi_Module__state__V 
*          0    200001c8    0000001c     UNINITIALIZED
                  200001c8    0000001c     release_pem3.oem3 (.data:ti_sysbios_knl_Swi_Module__state__V)

.data:ti_sysbios_family_arm_cc26xx_Timer_Module__state__V 
*          0    200001e4    00000008     UNINITIALIZED
                  200001e4    00000008     release_pem3.oem3 (.data:ti_sysbios_family_arm_cc26xx_Timer_Module__state__V)

.data:ti_sysbios_family_arm_cc26xx_TimestampProvider_Module__state__V 
*          0    200001ec    00000004     UNINITIALIZED
                  200001ec    00000004     release_pem3.oem3 (.data:ti_sysbios_family_arm_cc26xx_TimestampProvider_Module__state__V)

.data:xdc_runtime_Startup_Module__state__V 
*          0    200001f0    00000008     UNINITIALIZED
                  200001f0    00000008     release_pem3.oem3 (.data:xdc_runtime_Startup_Module__state__V)

.data:xdc_runtime_System_Module__state__V 
*          0    200001f8    00000008     UNINITIALIZED
                  200001f8    00000008     release_pem3.oem3 (.data:xdc_runtime_System_Module__state__V)

.data:xdc_runtime_Memory_Module__state__V 
*          0    20000200    00000004     UNINITIALIZED
                  20000200    00000004     release_pem3.oem3 (.data:xdc_runtime_Memory_Module__state__V)

.data:xdc_runtime_Error_Module__state__V 
*          0    20000204    00000002     UNINITIALIZED
                  20000204    00000002     release_pem3.oem3 (.data:xdc_runtime_Error_Module__state__V)

.TI.bound:dmaADCPriControlTableEntry 
*          0    20000470    00000010     UNINITIALIZED
                  20000470    00000010     drivers_cc26x0r2.aem3 : ADCBufCC26XX.oem3 (.TI.bound:dmaADCPriControlTableEntry)

.TI.bound:dmaGPT0APriControlTableEntry 
*          0    20000490    00000010     UNINITIALIZED
                  20000490    00000010     drivers_cc26x0r2.aem3 : ADCBufCC26XX.oem3 (.TI.bound:dmaGPT0APriControlTableEntry)

.TI.bound:dmaADCAltControlTableEntry 
*          0    20000670    00000010     UNINITIALIZED
                  20000670    00000010     drivers_cc26x0r2.aem3 : ADCBufCC26XX.oem3 (.TI.bound:dmaADCAltControlTableEntry)

.TI.bound:dmaGPT0AAltControlTableEntry 
*          0    20000690    00000010     UNINITIALIZED
                  20000690    00000010     drivers_cc26x0r2.aem3 : ADCBufCC26XX.oem3 (.TI.bound:dmaGPT0AAltControlTableEntry)

.priheap   0    200006a0    00001000     UNINITIALIZED
                  200006a0    00001000     --HOLE--

.bss       0    200016a0    00000d4b     UNINITIALIZED
                  200016a0    00000404     (.common:uartTxBuffer)
                  20001aa4    00000004     (.common:ClockP_tickPeriod)
                  20001aa8    00000200     release_pem3.oem3 (.bss:taskStackSection)
                  20001ca8    00000190     (.common:microVoltBuffer)
                  20001e38    0000012c     (.common:uartCC26XXObjects)
                  20001f64    00000120     (.common:gptimerCC26XXObjects)
                  20002084    000000c8     (.common:sampleBufferOne)
                  2000214c    000000c8     (.common:sampleBufferTwo)
                  20002214    000000c8     (.common:ti_sysbios_family_arm_m3_Hwi_dispatchTable)
                  200022dc    000000a4     (.common:adcBufCC26xxObjects)
                  20002380    00000020     (.common:uartCC26XXRingBuffer)
                  200023a0    00000020     (.common:udmaObjects)
                  200023c0    00000014     driverlib.lib : osc.obj (.bss:oscHfGlobals)
                  200023d4    00000008     dpl_cc26x0r2.aem3 : PowerCC26XX_tirtos.oem3 (.bss:$O1$$)
                  200023dc    00000008     driverlib.lib : sys_ctrl.obj (.bss:powerQualGlobals)
                  200023e4    00000004     (.common:uart)
                  200023e8    00000002     drivers_cc26x0r2.aem3 : UARTCC26XX.oem3 (.bss)
                  200023ea    00000001     (.common:driverlib_release_0_49664)

.data      0    200023f0    000004f1     UNINITIALIZED
                  200023f0    00000114     drivers_cc26x0r2.aem3 : PINCC26XX.oem3 (.data:$O1$$)
                  20002504    00000114                           : PowerCC26XX.oem3 (.data:PowerCC26XX_module)
                  20002618    00000070     rom_sysbios.aem3 : rom_sysbios.obj (.data:$O1$$)
                  20002688    0000004c     release_pem3.oem3 (.data:ti_sysbios_knl_Task_Object__table__V)
                  200026d4    00000004     adcBufContinuousSampling.obj (.data)
                  200026d8    00000048     release_pem3.oem3 (.data:ti_sysbios_family_arm_cc26xx_Timer_Object__table__V)
                  20002720    00000038     release_pem3.oem3 (.data:ti_sysbios_gates_GateMutex_Object__table__V)
                  20002758    00000030     release_pem3.oem3 (.data:ti_sysbios_knl_Swi_Module_State_0_readyQ__A)
                  20002788    00000030     release_pem3.oem3 (.data:ti_sysbios_knl_Swi_Object__table__V)
                  200027b8    00000030     release_pem3.oem3 (.data:ti_sysbios_knl_Task_Module_State_0_readyQ__A)
                  200027e8    00000020     release_pem3.oem3 (.data:ti_sysbios_knl_Clock_Object__table__V)
                  20002808    00000020     release_pem3.oem3 (.data:xdc_runtime_Error_IgnoreBlock)
                  20002828    00000018     release_pem3.oem3 (.data:ti_sysbios_family_arm_m3_Hwi_Object__table__V)
                  20002840    00000018     release_pem3.oem3 (.data:ti_sysbios_heaps_HeapMem_Object__table__V)
                  20002858    00000008     rtsv7M3_T_le_eabi.lib : _lock.obj (.data:$O1$$)
                  20002860    00000008     release_pem3.oem3 (.data:ti_sysbios_family_arm_m3_Hwi_Module__root__V)
                  20002868    00000008     release_pem3.oem3 (.data:ti_sysbios_gates_GateHwi_Module__root__V)
                  20002870    00000008     release_pem3.oem3 (.data:ti_sysbios_gates_GateMutex_Module__root__V)
                  20002878    00000008     release_pem3.oem3 (.data:ti_sysbios_hal_Hwi_Module__root__V)
                  20002880    00000008     release_pem3.oem3 (.data:ti_sysbios_heaps_HeapMem_Module__root__V)
                  20002888    00000008     release_pem3.oem3 (.data:ti_sysbios_knl_Clock_Module__root__V)
                  20002890    00000008     release_pem3.oem3 (.data:ti_sysbios_knl_Event_Module__root__V)
                  20002898    00000008     release_pem3.oem3 (.data:ti_sysbios_knl_Mailbox_Module__root__V)
                  200028a0    00000008     release_pem3.oem3 (.data:ti_sysbios_knl_Queue_Module__root__V)
                  200028a8    00000008     release_pem3.oem3 (.data:ti_sysbios_knl_Semaphore_Module__root__V)
                  200028b0    00000008     release_pem3.oem3 (.data:ti_sysbios_knl_Swi_Module__root__V)
[...]
1001bf91  ti_sysbios_family_arm_m3_Hwi_enableFxn__E                                 
1001bf9d  ti_sysbios_family_arm_m3_TaskSupport_getStackAlignment__E                 
1001bf9d  ti_sysbios_knl_Task_SupportProxy_getStackAlignment__E                     
1001bf9d  ti_sysbios_knl_Task_SupportProxy_getStackAlignment__E__mangled__          
1001bfa9  ti_sysbios_gates_GateHwi_enter__E                                         
1001bfb5  ti_sysbios_BIOS_RtsGateProxy_Params__init__S                              
1001bfb5  ti_sysbios_BIOS_RtsGateProxy_Params__init__S__mangled__                   
1001bfb5  ti_sysbios_gates_GateMutex_Params__init__S                                
1001bfb5  ti_sysbios_heaps_HeapMem_Module_GateProxy_Params__init__S                 
1001bfb5  ti_sysbios_heaps_HeapMem_Module_GateProxy_Params__init__S__mangled__      
1001bfc1  ti_sysbios_knl_Clock_Params__init__S                                      
1001bfcd  ti_sysbios_knl_Clock_getTimerHandle__E                                    
1001bfd9  ti_sysbios_knl_Event_Params__init__S                                      
1001bfe5  ti_sysbios_knl_Mailbox_Params__init__S                                    
1001bff1  ti_sysbios_knl_Queue_dequeue__E                                           
1001bffd  ti_sysbios_knl_Queue_enqueue__E                                           
1001c009  ti_sysbios_knl_Semaphore_Params__init__S                                  
1001c015  ti_sysbios_knl_Swi_Params__init__S                                        
1001c021  ti_sysbios_knl_Task_Params__init__S                                       
1001c02d  ti_sysbios_knl_Task_self__E                                               
1001c039  ti_sysbios_hal_Hwi_Instance_finalize__E                                   
1001c043  ti_sysbios_family_arm_m3_Hwi_doSwiRestore__I                              
1001c04b  ti_sysbios_family_arm_m3_Hwi_startup__E                                   
1001c04b  ti_sysbios_hal_Hwi_HwiProxy_startup__E                                    
1001c04b  ti_sysbios_hal_Hwi_HwiProxy_startup__E__mangled__                         
1001c04b  ti_sysbios_hal_Hwi_startup__E                                             
1001c04b  ti_sysbios_hal_Hwi_startup__E                                             
1001c053  ti_sysbios_knl_Idle_loop__E                                               
1001c05b  ti_sysbios_family_arm_m3_Hwi_doTaskRestore__I                             
1001c061  HwiP_restore                                                              
1001c061  ti_sysbios_family_arm_m3_Hwi_restoreFxn__E                                
1001c067  ti_sysbios_gates_GateHwi_leave__E                                         
1001c06d  ti_sysbios_heaps_HeapMem_isBlocking__E                                    
1001c073  ti_sysbios_knl_Queue_Instance_init__E                                     
1001c079  ti_sysbios_knl_Queue_elemClear__E                                         
1001c07f  ti_sysbios_knl_Swi_Module_startup__E                                      
1001c085  ti_sysbios_knl_Swi_startup__E                                             
1001c08b  ti_sysbios_knl_Task_enable__E                                             
1001c091  ti_sysbios_BIOS_RtsGateProxy_enter__E                                     
1001c095  ti_sysbios_BIOS_RtsGateProxy_leave__E                                     
1001c099  ti_sysbios_family_arm_cc26xx_Timer_getExpiredTicks__E                     
1001c09d  ti_sysbios_family_arm_cc26xx_Timer_getPeriod__E                           
1001c0a1  ti_sysbios_family_arm_cc26xx_Timer_setPeriod__E                           
1001c0a5  ti_sysbios_family_arm_m3_Hwi_delete                                       
1001c0a9  ti_sysbios_family_arm_m3_Hwi_destruct                                     
1001c0ad  ti_sysbios_family_arm_m3_TaskSupport_Module__startupDone__S               
1001c0ad  ti_sysbios_knl_Task_SupportProxy_Module__startupDone__S                   
1001c0ad  ti_sysbios_knl_Task_SupportProxy_Module__startupDone__S__mangled__        
1001c0b1  ti_sysbios_gates_GateHwi_query__E                                         
1001c0b1  xdc_runtime_Main_Module_GateProxy_query__E                                
1001c0b1  xdc_runtime_System_Module_GateProxy_query__E                              
1001c0b1  xdc_runtime_System_Module_GateProxy_query__E__mangled__                   
1001c0b5  ti_sysbios_gates_GateMutex_delete                                         
1001c0b9  ti_sysbios_gates_GateMutex_destruct                                       
1001c0bd  ti_sysbios_BIOS_RtsGateProxy_query__E                                     
1001c0bd  ti_sysbios_BIOS_RtsGateProxy_query__E__mangled__                          
1001c0bd  ti_sysbios_gates_GateMutex_query__E                                       
1001c0bd  ti_sysbios_heaps_HeapMem_Module_GateProxy_query__E                        
1001c0bd  ti_sysbios_heaps_HeapMem_Module_GateProxy_query__E__mangled__             
1001c0c1  ti_sysbios_hal_Hwi_HwiProxy_delete                                        
1001c0c5  ti_sysbios_hal_Hwi_delete                                                 
1001c0c9  ti_sysbios_heaps_HeapMem_Module_GateProxy_enter__E                        
1001c0cd  ti_sysbios_heaps_HeapMem_Module_GateProxy_leave__E                        
1001c0d1  ti_sysbios_knl_Clock_TimerProxy_getExpiredTicks__E                        
1001c0d5  ti_sysbios_knl_Clock_TimerProxy_getPeriod__E                              
1001c0d9  ti_sysbios_knl_Clock_delete                                               
1001c0dd  ti_sysbios_knl_Clock_destruct                                             
1001c0e1  ti_sysbios_knl_Clock_removeI__E                                           
1001c0e5  ti_sysbios_knl_Clock_setTimeout__E                                        
1001c0e9  ti_sysbios_knl_Event_delete                                               
1001c0ed  ti_sysbios_knl_Event_destruct                                             
1001c0f1  ti_sysbios_knl_Mailbox_delete                                             
1001c0f5  ti_sysbios_knl_Mailbox_destruct                                           
1001c0f9  ti_sysbios_knl_Queue_delete                                               
1001c0fd  ti_sysbios_knl_Queue_destruct                                             
1001c101  ti_sysbios_knl_Queue_head__E                                              
1001c105  ti_sysbios_knl_Queue_next__E                                              
1001c109  ti_sysbios_knl_Semaphore_delete                                           
1001c10d  ti_sysbios_knl_Semaphore_destruct                                         
1001c111  ti_sysbios_knl_Swi_delete                                                 
1001c115  ti_sysbios_knl_Swi_destruct                                               
1001c119  ti_sysbios_knl_Swi_postInit__I                                            
1001c11d  ti_sysbios_knl_Task_delete                                                
1001c121  ti_sysbios_knl_Task_destruct                                              
1001c125  ti_sysbios_knl_Task_startup__E                                            
1001c129  xdc_runtime_Startup_startMods__I                                          
1001c2c9  xdc_runtime_Core_createObject__I                                          
1001c349  xdc_runtime_Memory_alloc__E                                               
1001c3b5  xdc_runtime_Core_deleteObject__I                                          
1001c413  xdc_runtime_Error_policySpin__E                                           
1001c415  xdc_runtime_Startup_exec__E                                               
1001c465  xdc_runtime_Assert_raise__I                                               
1001c4ad  xdc_runtime_Core_assignParams__I                                          
1001c4f5  xdc_runtime_Core_constructObject__I                                       
1001c581  xdc_runtime_System_atexit__E                                              
1001c5b9  xdc_runtime_Core_assignLabel__I                                           
1001c5ed  xdc_runtime_System_processAtExit__E                                       
1001c621  xdc_runtime_Text_cordText__E                                              
1001c64d  xdc_runtime_System_abort__E                                               
1001c66d  xdc_runtime_Error_raiseX__E                                               
1001c689  xdc_runtime_Memory_valloc__E                                              
1001c6a5  xdc_runtime_Core_destructObject__I                                        
1001c6bd  xdc_runtime_Error_check__E                                                
1001c6d5  xdc_runtime_System_exit__E                                                
1001c6ed  xdc_runtime_Text_ropeText__E                                              
1001c705  xdc_runtime_Memory_free__E                                                
1001c715  xdc_runtime_SysCallback_abort__E                                          
1001c715  xdc_runtime_System_SupportProxy_abort__E                                  
1001c725  xdc_runtime_SysCallback_exit__E                                           
1001c725  xdc_runtime_System_SupportProxy_exit__E                                   
1001c735  xdc_runtime_Timestamp_SupportProxy_get32__E                               
1001c735  xdc_runtime_Timestamp_get32__E                                            
1001c735  xdc_runtime_Timestamp_get32__E                                            
1001c751  xdc_runtime_Memory_calloc__E                                              
1001c75d  xdc_runtime_Memory_getMaxDefaultTypeAlign__E                              
1001c769  xdc_runtime_Startup_rtsDone__E                                            
1001c775  xdc_runtime_Memory_HeapProxy_alloc__E                                     
1001c77f  xdc_runtime_Memory_HeapProxy_free__E                                      
1001c789  xdc_runtime_Gate_leaveSystem__E                                           
1001c78f  xdc_runtime_System_Module_startup__E                                      
1001c795  xdc_runtime_Gate_enterSystem__E                                           
1001c799  xdc_runtime_System_Module_GateProxy_enter__E                              
1001c79d  xdc_runtime_System_Module_GateProxy_leave__E                              
1001c7a1  xdc_runtime_System_abortSpin__E                                           
1001c7a3  xdc_runtime_System_exitSpin__E                                            
1001c7a5  ti_sysbios_family_arm_m3_Hwi_dispatch__I                                  
1001c86d  ti_sysbios_family_arm_m3_TaskSupport_buildTaskStack                       
1001c8b9  ti_sysbios_family_arm_m3_Hwi_initStacks__E                                
1001c901  ti_sysbios_family_arm_m3_Hwi_excHandlerAsm__I                             
1001c921  ti_sysbios_family_xxx_Hwi_switchAndRunFunc                                
1001c93f  ti_sysbios_family_arm_m3_Hwi_pendSV__I                                    
1001c957  ti_sysbios_family_arm_m3_Hwi_return                                       
1001c959  ti_sysbios_family_arm_m3_TaskSupport_glue                                 
1001c969  ti_sysbios_family_arm_m3_TaskSupport_swap__E                              
1001c969  ti_sysbios_knl_Task_SupportProxy_swap__E                                  
1001c969  ti_sysbios_knl_Task_SupportProxy_swap__E__mangled__                       
1001c971  ti_sysbios_knl_Task_swapReturn                                            
1001c978  ti_sysbios_knl_Task_Object__PARAMS__C                                     
1001c9b4  ti_sysbios_knl_Mailbox_Object__PARAMS__C                                  
1001c9e8  ti_sysbios_family_arm_m3_Hwi_Object__PARAMS__C                            
1001ca18  ti_sysbios_hal_Hwi_Object__PARAMS__C                                      
1001ca44  ti_sysbios_knl_Swi_Object__PARAMS__C                                      
1001ca6c  ti_sysbios_heaps_HeapMem_Object__PARAMS__C                                
1001ca90  ti_sysbios_knl_Clock_Object__PARAMS__C                                    
1001cab4  ti_sysbios_knl_Semaphore_Object__PARAMS__C                                
1001cad8  ti_sysbios_gates_GateHwi_Object__PARAMS__C                                
1001caf0  ti_sysbios_gates_GateMutex_Object__PARAMS__C                              
1001cb08  ti_sysbios_knl_Event_Object__PARAMS__C                                    
1001cb20  ti_sysbios_knl_Queue_Object__PARAMS__C                                    
1001cb68  ti_sysbios_gates_GateMutex_Instance_State_sem__O                          
1001cb6c  ti_sysbios_knl_Clock_Module_State_clockQ__O                               
1001cb70  ti_sysbios_knl_Event_Instance_State_pendQ__O                              
1001cb74  ti_sysbios_knl_Mailbox_Instance_State_dataQue__O                          
1001cb78  ti_sysbios_knl_Mailbox_Instance_State_dataSem__O                          
1001cb7c  ti_sysbios_knl_Mailbox_Instance_State_freeQue__O                          
1001cb80  ti_sysbios_knl_Mailbox_Instance_State_freeSem__O                          
1001cb84  ti_sysbios_knl_Semaphore_Instance_State_pendQ__O                          
1001cb88  ti_sysbios_knl_Task_Module_State_inactiveQ__O                             
20000000  ti_sysbios_family_arm_m3_Hwi_ramVectors                                   
20000100  ti_sysbios_knl_Task_Module__state__V                                      
20000144  ti_sysbios_family_arm_m3_Hwi_Module__state__V                             
20000178  ti_sysbios_knl_Clock_Module__state__V                                     
200001a4  ti_sysbios_BIOS_Module__state__V                                          
200001c8  ti_sysbios_knl_Swi_Module__state__V                                       
200001e4  ti_sysbios_family_arm_cc26xx_Timer_Module__state__V                       
200001ec  ti_sysbios_family_arm_cc26xx_TimestampProvider_Module__state__V           
200001f0  xdc_runtime_Startup_Module__state__V                                      
200001f8  xdc_runtime_System_Module__state__V                                       
20000200  xdc_runtime_Memory_Module__state__V                                       
20000204  xdc_runtime_Error_Module__state__V                                        
200006a0  __primary_heap_start__                                                    
200016a0  __primary_heap_end__                                                      
200016a0  uartTxBuffer                                                              
20001aa4  ClockP_tickPeriod                                                         
20001aa8  ti_sysbios_knl_Task_Instance_State_0_stack__A                             
20001ca8  microVoltBuffer                                                           
20001e38  uartCC26XXObjects                                                         
20001f64  gptimerCC26XXObjects                                                      
20002084  sampleBufferOne                                                           
2000214c  sampleBufferTwo                                                           
20002214  ti_sysbios_family_arm_m3_Hwi_dispatchTable                                
200022dc  adcBufCC26xxObjects                                                       
20002380  uartCC26XXRingBuffer                                                      
200023a0  udmaObjects                                                               
200023d4  PowerCC26XX_taskKey                                                       
200023d8  PowerCC26XX_swiKey                                                        
200023e4  uart                                                                      
200023ea  driverlib_release_0_49664                                                 
200023f0  pinUpperBound                                                             
200023f4  pinLowerBound                                                             
20002488  pinHandleTable                                                            
20002504  PowerCC26XX_module                                                        
20002688  ti_sysbios_knl_Task_Object__table__V                                      
200026d4  buffersCompletedCounter                                                   
200026d8  ti_sysbios_family_arm_cc26xx_Timer_Object__table__V                       
20002720  ti_sysbios_gates_GateMutex_Object__table__V                               
20002758  ti_sysbios_knl_Swi_Module_State_0_readyQ__A                               
20002788  ti_sysbios_knl_Swi_Object__table__V                                       
200027b8  ti_sysbios_knl_Task_Module_State_0_readyQ__A                              
200027e8  ti_sysbios_knl_Clock_Object__table__V                                     
20002808  xdc_runtime_Error_IgnoreBlock                                             
20002828  ti_sysbios_family_arm_m3_Hwi_Object__table__V                             
20002840  ti_sysbios_heaps_HeapMem_Object__table__V                                 
20002858  _lock                                                                     
2000285c  _unlock                                                                   
20002860  ti_sysbios_family_arm_m3_Hwi_Module__root__V                              
20002868  ti_sysbios_gates_GateHwi_Module__root__V                                  
20002870  ti_sysbios_gates_GateMutex_Module__root__V                                
20002878  ti_sysbios_hal_Hwi_Module__root__V                                        
20002880  ti_sysbios_heaps_HeapMem_Module__root__V                                  
20002888  ti_sysbios_knl_Clock_Module__root__V                                      
20002890  ti_sysbios_knl_Event_Module__root__V                                      
20002898  ti_sysbios_knl_Mailbox_Module__root__V                                    
200028a0  ti_sysbios_knl_Queue_Module__root__V                                      
200028a8  ti_sysbios_knl_Semaphore_Module__root__V                                  
200028b0  ti_sysbios_knl_Swi_Module__root__V                                        
200028b8  ti_sysbios_knl_Task_Module__root__V                                       
200028c0  xdc_runtime_System_Module_State_0_atexitHandlers__A                       
200028c8  errno                                                                     
200028cc  main_func_sp                                                              
200028d0  ti_sysbios_family_arm_m3_Hwi_Module_State_0_excContext__A                 
200028d4  ti_sysbios_family_arm_m3_Hwi_Module_State_0_excStack__A                   
200028d8  ti_sysbios_knl_Task_Module_State_0_idleTask__A                            
200028dc  ti_sysbios_family_arm_m3_Hwi_Module_State_0_excActive__A                  
20004c00  __stack                                                                   
20005000  __STACK_END                                                               
e000e000  ti_sysbios_family_arm_m3_Hwi_nvic                                         
ffffffff  __TI_pprof_out_hndl                                                       
ffffffff  __TI_prof_data_size                                                       
ffffffff  __TI_prof_data_start                                                      
ffffffff  __binit__                                                                 
ffffffff  __c_args__                                                                
ffffffff  binit                                                                     
UNDEFED   SHT$$INIT_ARRAY$$Base                                                     
UNDEFED   SHT$$INIT_ARRAY$$Limit                                                    

[841 symbols]
